******************************************************************************
             TMS320C2000 Linker PC v18.1.0                     
******************************************************************************
>> Linked Fri Jun  1 03:39:36 2018

OUTPUT FILE NAME:   <SmartWinchDualCore.out>
ENTRY POINT SYMBOL: "code_start"  address: 00080000


MEMORY CONFIGURATION

         name            origin    length      used     unused   attr    fill
----------------------  --------  ---------  --------  --------  ----  --------
PAGE 0:
  RAMM0                 00000122   000002de  00000000  000002de  RWIX
  RAMLS0                00008000   00000800  00000135  000006cb  RWIX
  RAMLS1                00008800   00000800  00000000  00000800  RWIX
  RAMLS2                00009000   00000800  00000000  00000800  RWIX
  RAMLS3                00009800   00000800  00000000  00000800  RWIX
  RAMLS4                0000a000   00000800  00000000  00000800  RWIX
  RAMD0                 0000b000   00000800  00000000  00000800  RWIX
  RAMGS14               0001a000   00001000  00000000  00001000  RWIX
  RAMGS15               0001b000   00001000  00000000  00001000  RWIX
  BEGIN                 00080000   00000002  00000002  00000000  RWIX
  FLASHA                00080002   00001ffe  00000266  00001d98  RWIX
  FLASHB                00082000   00002000  00001ffe  00000002  RWIX
  FLASHC                00084000   00002000  00001ffd  00000003  RWIX
  FLASHD                00086000   00002000  00001ffc  00000004  RWIX
  FLASHE                00088000   00008000  000006ab  00007955  RWIX
  FLASHF                00090000   00008000  0000053a  00007ac6  RWIX
  FLASHG                00098000   00008000  00000000  00008000  RWIX
  FLASHH                000a0000   00008000  00000000  00008000  RWIX
  FLASHI                000a8000   00008000  00000000  00008000  RWIX
  FLASHJ                000b0000   00008000  00000000  00008000  RWIX
  FLASHK                000b8000   00002000  00000000  00002000  RWIX
  FLASHL                000ba000   00002000  00000000  00002000  RWIX
  FLASHM                000bc000   00002000  00000000  00002000  RWIX
  FLASHN                000be000   00002000  00000000  00002000  RWIX
  RESET                 003fffc0   00000002  00000000  00000002  RWIX

PAGE 1:
  BOOT_RSVD             00000002   00000120  00000000  00000120  RWIX
  RAMM1                 00000400   00000400  00000100  00000300  RWIX
  ADCA_RESULT           00000b00   00000020  00000000  00000020  RWIX
  ADCB_RESULT           00000b20   00000020  00000000  00000020  RWIX
  ADCC_RESULT           00000b40   00000020  00000000  00000020  RWIX
  ADCD_RESULT           00000b60   00000020  00000000  00000020  RWIX
  CPU_TIMER0            00000c00   00000008  00000000  00000008  RWIX
  CPU_TIMER1            00000c08   00000008  00000000  00000008  RWIX
  CPU_TIMER2            00000c10   00000008  00000000  00000008  RWIX
  PIE_CTRL              00000ce0   00000020  00000000  00000020  RWIX
  PIE_VECT              00000d00   00000200  00000000  00000200  RWIX
  DMA                   00001000   00000200  00000000  00000200  RWIX
  CLA1                  00001400   00000040  00000000  00000040  RWIX
  EPWM1                 00004000   00000100  00000000  00000100  RWIX
  EPWM2                 00004100   00000100  00000000  00000100  RWIX
  EPWM3                 00004200   00000100  00000000  00000100  RWIX
  EPWM4                 00004300   00000100  00000000  00000100  RWIX
  EPWM5                 00004400   00000100  00000000  00000100  RWIX
  EPWM6                 00004500   00000100  00000000  00000100  RWIX
  EPWM7                 00004600   00000100  00000000  00000100  RWIX
  EPWM8                 00004700   00000100  00000000  00000100  RWIX
  EPWM9                 00004800   00000100  00000000  00000100  RWIX
  EPWM10                00004900   00000100  00000000  00000100  RWIX
  EPWM11                00004a00   00000100  00000000  00000100  RWIX
  EPWM12                00004b00   00000100  00000000  00000100  RWIX
  ECAP1                 00005000   00000020  00000000  00000020  RWIX
  ECAP2                 00005020   00000020  00000000  00000020  RWIX
  ECAP3                 00005040   00000020  00000000  00000020  RWIX
  ECAP4                 00005060   00000020  00000000  00000020  RWIX
  ECAP5                 00005080   00000020  00000000  00000020  RWIX
  ECAP6                 000050a0   00000020  00000000  00000020  RWIX
  EQEP1                 00005100   00000040  00000000  00000040  RWIX
  EQEP2                 00005140   00000040  00000000  00000040  RWIX
  EQEP3                 00005180   00000040  00000000  00000040  RWIX
  DACA                  00005c00   00000010  00000000  00000010  RWIX
  DACB                  00005c10   00000010  00000000  00000010  RWIX
  DACC                  00005c20   00000010  00000000  00000010  RWIX
  CMPSS1                00005c80   00000020  00000000  00000020  RWIX
  CMPSS2                00005ca0   00000020  00000000  00000020  RWIX
  CMPSS3                00005cc0   00000020  00000000  00000020  RWIX
  CMPSS4                00005ce0   00000020  00000000  00000020  RWIX
  CMPSS5                00005d00   00000020  00000000  00000020  RWIX
  CMPSS6                00005d20   00000020  00000000  00000020  RWIX
  CMPSS7                00005d40   00000020  00000000  00000020  RWIX
  CMPSS8                00005d60   00000020  00000000  00000020  RWIX
  SDFM1                 00005e00   00000080  00000000  00000080  RWIX
  SDFM2                 00005e80   00000080  00000000  00000080  RWIX
  MCBSPA                00006000   00000040  00000000  00000040  RWIX
  MCBSPB                00006040   00000040  00000000  00000040  RWIX
  SPIA                  00006100   00000010  00000000  00000010  RWIX
  SPIB                  00006110   00000010  00000000  00000010  RWIX
  SPIC                  00006120   00000010  00000000  00000010  RWIX
  SPID                  00006130   00000010  00000000  00000010  RWIX
  UPP                   00006200   00000100  00000000  00000100  RWIX
  WD                    00007000   00000040  00000000  00000040  RWIX
  NMIINTRUPT            00007060   00000010  00000000  00000010  RWIX
  XINT                  00007070   00000010  00000000  00000010  RWIX
  SCIA                  00007200   00000010  00000000  00000010  RWIX
  SCIB                  00007210   00000010  00000000  00000010  RWIX
  SCIC                  00007220   00000010  00000000  00000010  RWIX
  SCID                  00007230   00000010  00000000  00000010  RWIX
  I2CA                  00007300   00000040  00000000  00000040  RWIX
  I2CB                  00007340   00000040  00000000  00000040  RWIX
  ADCA                  00007400   00000080  00000000  00000080  RWIX
  ADCB                  00007480   00000080  00000000  00000080  RWIX
  ADCC                  00007500   00000080  00000000  00000080  RWIX
  ADCD                  00007580   00000080  00000000  00000080  RWIX
  INPUT_XBAR            00007900   00000020  00000000  00000020  RWIX
  XBAR                  00007920   00000020  00000000  00000020  RWIX
  SYNC_SOC              00007940   00000010  00000000  00000010  RWIX
  DMACLASRCSEL          00007980   00000040  00000000  00000040  RWIX
  EPWM_XBAR             00007a00   00000040  00000000  00000040  RWIX
  CLB_XBAR              00007a40   00000040  00000000  00000040  RWIX
  OUTPUT_XBAR           00007a80   00000040  00000000  00000040  RWIX
  GPIOCTRL              00007c00   00000180  00000000  00000180  RWIX
  GPIODAT               00007f00   00000030  00000000  00000030  RWIX
  RAMLS5                0000a800   00000800  00000800  00000000  RWIX
  RAMD1                 0000b800   00000800  00000000  00000800  RWIX
  RAMGS0                0000c000   00001000  00000e9c  00000164  RWIX
  RAMGS1                0000d000   00001000  00000000  00001000  RWIX
  RAMGS2                0000e000   00001000  00000000  00001000  RWIX
  RAMGS3                0000f000   00001000  00000000  00001000  RWIX
  RAMGS4                00010000   00001000  00000000  00001000  RWIX
  RAMGS5                00011000   00001000  00000000  00001000  RWIX
  RAMGS6                00012000   00001000  00000000  00001000  RWIX
  RAMGS7                00013000   00001000  00000000  00001000  RWIX
  RAMGS8                00014000   00001000  00000000  00001000  RWIX
  RAMGS9                00015000   00001000  00000000  00001000  RWIX
  RAMGS10               00016000   00001000  00000000  00001000  RWIX
  RAMGS11               00017000   00001000  00000000  00001000  RWIX
  RAMGS12               00018000   00001000  00000000  00001000  RWIX
  RAMGS13               00019000   00001000  00000000  00001000  RWIX
  CPU2TOCPU1RAM         0003f800   00000400  00000000  00000400  RWIX
  CPU1TOCPU2RAM         0003fc00   00000400  00000000  00000400  RWIX
  EMIF1                 00047000   00000800  00000000  00000800  RWIX
  EMIF2                 00047800   00000800  00000000  00000800  RWIX
  CANA                  00048000   00000800  00000000  00000800  RWIX
  CANB                  0004a000   00000800  00000000  00000800  RWIX
  IPC                   00050000   00000024  00000000  00000024  RWIX
  FLASHPUMPSEMAPHORE    00050024   00000002  00000000  00000002  RWIX
  DEV_CFG               0005d000   00000180  00000000  00000180  RWIX
  ANALOG_SUBSYS         0005d180   00000080  00000000  00000080  RWIX
  CLK_CFG               0005d200   00000100  00000000  00000100  RWIX
  CPU_SYS               0005d300   00000100  00000000  00000100  RWIX
  ROMPREFETCH           0005e608   00000002  00000000  00000002  RWIX
  DCSM_Z1               0005f000   00000030  00000000  00000030  RWIX
  DCSM_Z2               0005f040   00000030  00000000  00000030  RWIX
  DCSM_COMMON           0005f070   00000010  00000000  00000010  RWIX
  MEMCFG                0005f400   00000080  00000000  00000080  RWIX
  EMIF1CONFIG           0005f480   00000020  00000000  00000020  RWIX
  EMIF2CONFIG           0005f4a0   00000020  00000000  00000020  RWIX
  ACCESSPROTECTION      0005f4c0   00000040  00000000  00000040  RWIX
  MEMORYERROR           0005f500   00000040  00000000  00000040  RWIX
  ROMWAITSTATE          0005f540   00000002  00000000  00000002  RWIX
  FLASH0_CTRL           0005f800   00000300  00000000  00000300  RWIX
  FLASH0_ECC            0005fb00   00000040  00000000  00000040  RWIX


SECTION ALLOCATION MAP

 output                                  attributes/
section   page    origin      length       input sections
--------  ----  ----------  ----------   ----------------
.cinit     0    00082000    0000011a     
                  00082000    0000002e     interrupt_handlers.obj (.cinit)
                  0008202e    00000020     task_scheduler.obj (.cinit)
                  0008204e    00000018     buffered_serial.obj (.cinit)
                  00082066    00000018     buffered_serial_B.obj (.cinit)
                  0008207e    00000018     buffered_serial_C.obj (.cinit)
                  00082096    00000018     buffered_serial_D.obj (.cinit)
                  000820ae    00000017     modbusRTU.obj (.cinit)
                  000820c5    00000013     interwinch_comms.obj (.cinit)
                  000820d8    0000000e     rts2800_fpu32.lib : exit.c.obj (.cinit)
                  000820e6    00000009     RoboClaw.obj (.cinit)
                  000820ef    00000009     autonomous_mode.obj (.cinit)
                  000820f8    00000005     rts2800_fpu32.lib : _lock.c.obj (.cinit:__lock)
                  000820fd    00000005                       : _lock.c.obj (.cinit:__unlock)
                  00082102    00000005     main.obj (.cinit)
                  00082107    00000005     safety_routines.obj (.cinit)
                  0008210c    00000004     ModbusMaster.obj (.cinit)
                  00082110    00000004     rts2800_fpu32.lib : errno.c.obj (.cinit)
                  00082114    00000004                       : memory.c.obj (.cinit)
                  00082118    00000002     --HOLE-- [fill = 0]

.pinit     0    00082000    00000000     UNINITIALIZED

codestart 
*          0    00080000    00000002     
                  00080000    00000002     F2837xD_CodeStartBranch.obj (codestart)

.stack     1    00000400    00000100     UNINITIALIZED
                  00000400    00000100     --HOLE--

.esysmem   1    0000a800    00000400     UNINITIALIZED
                  0000a800    00000001     rts2800_fpu32.lib : memory.c.obj (.esysmem)
                  0000a801    000003ff     --HOLE--

dclfuncs   0    00080002    00000266     
                  00080002    000000af     DCL_DF13.obj (dclfuncs)
                  000800b1    0000009d     DCL_DF23.obj (dclfuncs)
                  0008014e    00000079     DCL_DF22.obj (dclfuncs)
                  000801c7    00000067     DCL_PID.obj (dclfuncs)
                  0008022e    0000003a     DCL_PI.obj (dclfuncs)

.reset     0    003fffc0    00000002     DSECT
                  003fffc0    00000002     rts2800_fpu32.lib : boot28.asm.obj (.reset)

.TI.ramfunc 
*          0    00086000    00000135     RUN ADDR = 00008000
                  00086000    00000043     driverlib.lib : flash.obj (.TI.ramfunc:_Flash_initModule)
                  00086043    00000032                   : flash.obj (.TI.ramfunc:_Flash_setBankPowerMode)
                  00086075    00000026                   : flash.obj (.TI.ramfunc:_Flash_setWaitstates)
                  0008609b    0000001f                   : flash.obj (.TI.ramfunc:_Flash_setPumpPowerMode)
                  000860ba    00000018                   : flash.obj (.TI.ramfunc:_Flash_disableCache)
                  000860d2    00000018                   : flash.obj (.TI.ramfunc:_Flash_disablePrefetch)
                  000860ea    00000018                   : flash.obj (.TI.ramfunc:_Flash_enableCache)
                  00086102    00000018                   : flash.obj (.TI.ramfunc:_Flash_enablePrefetch)
                  0008611a    00000017                   : flash.obj (.TI.ramfunc:_Flash_enableECC)
                  00086131    00000004                   : sysctl.obj (.TI.ramfunc)

GETBUFFER 
*          0    0003f800    00000000     DSECT

GETWRITEIDX 
*          0    0003f800    00000000     DSECT

PUTREADIDX 
*          0    0003f800    00000000     DSECT

Cla1SoftIntRegsFile 
*          1    00000ce0    00000000     DSECT

.text.1    0    0008211c    00001ee4     
                  0008211c    000013eb     kinematics.obj (.text)
                  00083507    00000659     task_scheduler.obj (.text)
                  00083b60    00000412     modbusRTU.obj (.text)
                  00083f72    00000088     rts2800_fpu32.lib : fs_div28.asm.obj (.text)
                  00083ffa    00000002     driverlib.lib : interrupt.obj (.text:_Interrupt_illegalOperationHandler)
                  00083ffc    00000002                   : interrupt.obj (.text:_Interrupt_nmiHandler)
                  00083ffe    00000002     rts2800_fpu32.lib : pre_init.c.obj (.text)

.text.2    0    00084000    00001ffd     
                  00084000    00000e93     RoboClaw.obj (.text)
                  00084e93    00000b7f     device_init.obj (.text)
                  00085a12    000005b7     ModbusMaster.obj (.text)
                  00085fc9    00000033     driverlib.lib : interrupt.obj (.text:_Interrupt_enable)
                  00085ffc    00000001     rts2800_fpu32.lib : startup.c.obj (.text)

.text.3    0    00086138    00001ec7     
                  00086138    00000380     rts2800_fpu32.lib : e_powf.c.obj (.text)
                  000864b8    000002a8     MotionProfile.obj (.text)
                  00086760    00000221     driverlib.lib : sysctl.obj (.text:_SysCtl_setClock)
                  00086981    0000021d     interrupt_handlers.obj (.text:retain)
                  00086b9e    000001cb     device.obj (.text)
                  00086d69    00000174     rts2800_fpu32.lib : s_log1pf.c.obj (.text)
                  00086edd    00000165                       : s_expm1f.c.obj (.text)
                  00087042    0000012b                       : e_logf.c.obj (.text)
                  0008716d    0000011f     interrupt_handlers.obj (.text)
                  0008728c    00000110     rts2800_fpu32.lib : e_expf.c.obj (.text)
                  0008739c    000000f2     interwinch_comms.obj (.text)
                  0008748e    000000f2     safety_routines.obj (.text)
                  00087580    000000ed     autonomous_mode.obj (.text)
                  0008766d    000000ea     main.obj (.text)
                  00087757    000000d4     buffered_serial_B.obj (.text)
                  0008782b    000000d2     buffered_serial.obj (.text)
                  000878fd    000000cd     buffered_serial_C.obj (.text)
                  000879ca    000000cd     buffered_serial_D.obj (.text)
                  00087a97    000000ba     rts2800_fpu32.lib : k_expf.c.obj (.text)
                  00087b51    0000009a     driverlib.lib : adc.obj (.text:_ADC_setMode)
                  00087beb    00000085                   : interrupt.obj (.text:_Interrupt_clearIFR)
                  00087c70    0000007f     rts2800_fpu32.lib : e_sinhf.c.obj (.text)
                  00087cef    00000074                       : s_asinhf.c.obj (.text)
                  00087d63    00000061                       : s_cosf.c.obj (.text)
                  00087dc4    00000061                       : s_tanf.c.obj (.text)
                  00087e25    0000005c     driverlib.lib : spi.obj (.text:_SPI_setConfig)
                  00087e81    00000058     rts2800_fpu32.lib : s_sinf.c.obj (.text)
                  00087ed9    00000057                       : s_floorf.c.obj (.text)
                  00087f30    00000057                       : s_scalbnf.c.obj (.text)
                  00087f87    00000056                       : boot28.asm.obj (.text)
                  00087fdd    00000022     driverlib.lib : sci.obj (.text:_SCI_isFIFOEnabled)

.text.4    0    00088000    000006ab     
                  00088000    00000056     rts2800_fpu32.lib : s_ceilf.c.obj (.text)
                  00088056    00000054     driverlib.lib : interrupt.obj (.text:_Interrupt_initModule)
                  000880aa    00000052                   : gpio.obj (.text:_GPIO_setPadConfig)
                  000880fc    0000004d                   : sysctl.obj (.text:_SysCtl_selectOscSource)
                  00088149    0000004a                   : interrupt.obj (.text:_Interrupt_disable)
                  00088193    00000049     motor_driver.obj (.text)
                  000881dc    00000046     driverlib.lib : sci.obj (.text:_SCI_clearInterruptStatus)
                  00088222    00000046                   : sci.obj (.text:_SCI_disableInterrupt)
                  00088268    00000044                   : sci.obj (.text:_SCI_enableInterrupt)
                  000882ac    00000041                   : sci.obj (.text:_SCI_writeCharArray)
                  000882ed    00000040                   : sci.obj (.text:_SCI_setConfig)
                  0008832d    0000003d                   : gpio.obj (.text:_GPIO_setPinConfig)
                  0008836a    00000038                   : gpio.obj (.text:_GPIO_setMasterCore)
                  000883a2    00000038                   : gpio.obj (.text:_GPIO_setQualificationMode)
                  000883da    00000031                   : gpio.obj (.text:_GPIO_setDirectionMode)
                  0008840b    0000002a     rts2800_fpu32.lib : l_div28.asm.obj (.text)
                  00088435    00000029     driverlib.lib : flash.obj (.text:_Flash_setBankPowerUpDelay)
                  0008845e    00000029     rts2800_fpu32.lib : exit.c.obj (.text)
                  00088487    00000001     --HOLE-- [fill = 0]
                  00088488    00000026                       : e_sqrtf.c.obj (.text)
                  000884ae    00000024                       : cpy_tbl.c.obj (.text)
                  000884d2    00000022                       : i_div28.asm.obj (.text)
                  000884f4    00000020     driverlib.lib : interrupt.obj (.text:_Interrupt_initVectorTable)
                  00088514    0000001f                   : sci.obj (.text:_SCI_isBaseValid)
                  00088533    0000001e     rts2800_fpu32.lib : memcpy.c.obj (.text)
                  00088551    0000001b     driverlib.lib : sci.obj (.text:_SCI_isSpaceAvailableNonFIFO)
                  0008856c    0000001a                   : cputimer.obj (.text:_CPUTimer_isBaseValid)
                  00088586    0000001a                   : spi.obj (.text:_SPI_isBaseValid)
                  000885a0    00000019                   : sci.obj (.text:_SCI_disableModule)
                  000885b9    00000019                   : sci.obj (.text:_SCI_performSoftwareReset)
                  000885d2    00000019     rts2800_fpu32.lib : args_main.c.obj (.text)
                  000885eb    00000015     driverlib.lib : sci.obj (.text:_SCI_getTxFIFOStatus)
                  00088600    00000014                   : sci.obj (.text:_SCI_enableModule)
                  00088614    00000013                   : cputimer.obj (.text:_CPUTimer_setEmulationMode)
                  00088627    00000011     rts2800_fpu32.lib : s_copysignf.c.obj (.text)
                  00088638    00000010     driverlib.lib : flash.obj (.text:_Flash_isCtrlBaseValid)
                  00088648    00000010                   : flash.obj (.text:_Flash_isECCBaseValid)
                  00088658    0000000e                   : gpio.obj (.text:_GPIO_isPinValid)
                  00088666    0000000e                   : interrupt.obj (.text:_Interrupt_defaultHandler)
                  00088674    0000000d                   : interrupt.obj (.text:_Interrupt_disableMaster)
                  00088681    0000000d                   : interrupt.obj (.text:_Interrupt_enableMaster)
                  0008868e    0000000b                   : sysctl.obj (.text:_SysCtl_isMCDClockFailureDetected)
                  00088699    00000009                   : sysctl.obj (.text:_SysCtl_serviceWatchdog)
                  000886a2    00000009     rts2800_fpu32.lib : _lock.c.obj (.text)

.econst    0    00090000    0000053a     
                  00090000    000000cb     driverlib.lib : flash.obj (.econst:.string)
                  000900cb    00000001     --HOLE-- [fill = 0]
                  000900cc    000000c8                   : gpio.obj (.econst:.string)
                  00090194    000000c7                   : sci.obj (.econst:.string)
                  0009025b    00000001     --HOLE-- [fill = 0]
                  0009025c    00000069                   : interrupt.obj (.econst:.string)
                  000902c5    00000001     --HOLE-- [fill = 0]
                  000902c6    00000068                   : cputimer.obj (.econst:.string)
                  0009032e    00000066                   : sysctl.obj (.econst:.string)
                  00090394    00000063                   : adc.obj (.econst:.string)
                  000903f7    00000001     --HOLE-- [fill = 0]
                  000903f8    00000063                   : spi.obj (.econst:.string)
                  0009045b    00000001     --HOLE-- [fill = 0]
                  0009045c    00000033     main.obj (.econst:.string)
                  0009048f    00000001     --HOLE-- [fill = 0]
                  00090490    00000032     rts2800_fpu32.lib : e_powf.c.obj (.econst)
                  000904c2    00000016                       : s_log1pf.c.obj (.econst)
                  000904d8    00000010                       : e_expf.c.obj (.econst)
                  000904e8    00000010                       : e_logf.c.obj (.econst)
                  000904f8    00000010                       : s_expm1f.c.obj (.econst)
                  00090508    00000006                       : s_asinhf.c.obj (.econst)
                  0009050e    00000006                       : s_scalbnf.c.obj (.econst)
                  00090514    00000004                       : e_powf.c.obj (.econst:_bp)
                  00090518    00000004                       : e_powf.c.obj (.econst:_dp_h)
                  0009051c    00000004                       : e_powf.c.obj (.econst:_dp_l)
                  00090520    00000004                       : e_expf.c.obj (.econst:_halF)
                  00090524    00000004                       : e_expf.c.obj (.econst:_ln2HI)
                  00090528    00000004                       : e_expf.c.obj (.econst:_ln2LO)
                  0009052c    00000004                       : e_sinhf.c.obj (.econst)
                  00090530    00000003     modbusRTU.obj (.econst:.string:_fsupported)
                  00090533    00000001     --HOLE-- [fill = 0]
                  00090534    00000002     rts2800_fpu32.lib : k_expf.c.obj (.econst)
                  00090536    00000002                       : s_ceilf.c.obj (.econst)
                  00090538    00000002                       : s_floorf.c.obj (.econst)

.ebss.1    1    0000ac00    00000400     UNINITIALIZED
                  0000ac00    0000023f     buffered_serial_B.obj (.ebss)
                  0000ae3f    00000001     rts2800_fpu32.lib : errno.c.obj (.ebss)
                  0000ae40    000000c0     ModbusMaster.obj (.ebss)
                  0000af00    000000c0     main.obj (.ebss)
                  0000afc0    0000003a     kinematics.obj (.ebss)
                  0000affa    00000006     rts2800_fpu32.lib : exit.c.obj (.ebss)

.ebss.2    1    0000c000    00000e9c     UNINITIALIZED
                  0000c000    00000800     modbus_regs.obj (.ebss)
                  0000c800    0000023f     buffered_serial_C.obj (.ebss)
                  0000ca3f    00000001     --HOLE--
                  0000ca40    0000023f     buffered_serial_D.obj (.ebss)
                  0000cc7f    00000001     --HOLE--
                  0000cc80    000000c0     modbusRTU.obj (.ebss)
                  0000cd40    000000bf     buffered_serial.obj (.ebss)
                  0000cdff    00000001     --HOLE--
                  0000ce00    00000034     task_scheduler.obj (.ebss)
                  0000ce34    0000000c     autonomous_mode.obj (.ebss)
                  0000ce40    00000022     interrupt_handlers.obj (.ebss)
                  0000ce62    00000016     MotionProfile.obj (.ebss)
                  0000ce78    00000008     motion_buffer.obj (.ebss)
                  0000ce80    0000000a     interwinch_comms.obj (.ebss)
                  0000ce8a    00000008     rts2800_fpu32.lib : memory.c.obj (.ebss)
                  0000ce92    00000004     RoboClaw.obj (.ebss)
                  0000ce96    00000002     rts2800_fpu32.lib : _lock.c.obj (.ebss:__lock)
                  0000ce98    00000002                       : _lock.c.obj (.ebss:__unlock)
                  0000ce9a    00000002     safety_routines.obj (.ebss)

MODULE SUMMARY

       Module                        code    initialized data   uninitialized data
       ------                        ----    ----------------   ------------------
    .\
       kinematics.obj                5099    0                  58                
       RoboClaw.obj                  3731    9                  4                 
       device_init.obj               2943    0                  0                 
       modbus_regs.obj               0       0                  2048              
       task_scheduler.obj            1625    32                 52                
       ModbusMaster.obj              1463    4                  192               
       modbusRTU.obj                 1042    26                 192               
       interrupt_handlers.obj        828     46                 34                
       buffered_serial_B.obj         212     24                 575               
       buffered_serial_C.obj         205     24                 575               
       buffered_serial_D.obj         205     24                 575               
       MotionProfile.obj             680     0                  22                
       main.obj                      234     56                 192               
       buffered_serial.obj           210     24                 191               
       interwinch_comms.obj          242     19                 10                
       autonomous_mode.obj           237     9                  12                
       safety_routines.obj           242     5                  2                 
       motor_driver.obj              73      0                  0                 
       motion_buffer.obj             0       0                  8                 
    +--+-----------------------------+-------+------------------+--------------------+
       Total:                        19271   302                4742              
                                                                                  
    .\DCL\source\
       DCL_DF13.obj                  175     0                  0                 
       DCL_DF23.obj                  157     0                  0                 
       DCL_DF22.obj                  121     0                  0                 
       DCL_PID.obj                   103     0                  0                 
       DCL_PI.obj                    58      0                  0                 
    +--+-----------------------------+-------+------------------+--------------------+
       Total:                        614     0                  0                 
                                                                                  
    .\device\
       device.obj                    459     0                  0                 
       F2837xD_CodeStartBranch.obj   2       0                  0                 
    +--+-----------------------------+-------+------------------+--------------------+
       Total:                        461     0                  0                 
                                                                                  
    ../driverlib.lib
       flash.obj                     683     203                0                 
       sysctl.obj                    650     102                0                 
       sci.obj                       520     199                0                 
       interrupt.obj                 418     105                0                 
       gpio.obj                      318     200                0                 
       adc.obj                       154     99                 0                 
       spi.obj                       118     99                 0                 
       cputimer.obj                  45      104                0                 
    +--+-----------------------------+-------+------------------+--------------------+
       Total:                        2906    1111               0                 
                                                                                  
    C:/ti/ccsv7/tools/compiler/ti-cgt-c2000_18.1.0.LTS/lib/rts2800_fpu32.lib
       e_powf.c.obj                  896     62                 0                 
       s_log1pf.c.obj                372     22                 0                 
       s_expm1f.c.obj                357     16                 0                 
       e_logf.c.obj                  299     16                 0                 
       e_expf.c.obj                  272     28                 0                 
       k_expf.c.obj                  186     2                  0                 
       fs_div28.asm.obj              136     0                  0                 
       e_sinhf.c.obj                 127     4                  0                 
       s_asinhf.c.obj                116     6                  0                 
       s_cosf.c.obj                  97      0                  0                 
       s_tanf.c.obj                  97      0                  0                 
       s_scalbnf.c.obj               87      6                  0                 
       s_floorf.c.obj                87      2                  0                 
       s_ceilf.c.obj                 86      2                  0                 
       s_sinf.c.obj                  88      0                  0                 
       boot28.asm.obj                86      0                  0                 
       exit.c.obj                    41      14                 6                 
       l_div28.asm.obj               42      0                  0                 
       e_sqrtf.c.obj                 38      0                  0                 
       cpy_tbl.c.obj                 36      0                  0                 
       i_div28.asm.obj               34      0                  0                 
       memcpy.c.obj                  30      0                  0                 
       args_main.c.obj               25      0                  0                 
       _lock.c.obj                   9       10                 4                 
       s_copysignf.c.obj             17      0                  0                 
       memory.c.obj                  0       4                  8                 
       errno.c.obj                   0       4                  1                 
       pre_init.c.obj                2       0                  0                 
       startup.c.obj                 1       0                  0                 
    +--+-----------------------------+-------+------------------+--------------------+
       Total:                        3664    198                19                
                                                                                  
       Heap:                         0       0                  1024              
       Stack:                        0       0                  256               
    +--+-----------------------------+-------+------------------+--------------------+
       Grand Total:                  26916   1611               6041              


GLOBAL DATA SYMBOLS: SORTED BY DATA PAGE

address     data page           name
--------    ----------------    ----
00000400      10 (00000400)     __stack

0000a800     2a0 (0000a800)     __sys_memory

0000ac00     2b0 (0000ac00)     _TXIE_B
0000ac01     2b0 (0000ac00)     _eusartTxBufferRemaining_B

0000ae3f     2b8 (0000ae00)     _errno

0000ae40     2b9 (0000ae40)     __u16WriteAddress
0000ae41     2b9 (0000ae40)     _u16TransmitBufferLength
0000ae42     2b9 (0000ae40)     __u16WriteQty
0000ae43     2b9 (0000ae40)     __u8MBSlave
0000ae44     2b9 (0000ae40)     __u16ReadQty
0000ae45     2b9 (0000ae40)     __u16ReadAddress
0000ae46     2b9 (0000ae40)     __u8ResponseBufferIndex
0000ae47     2b9 (0000ae40)     __u8TransmitBufferIndex
0000ae48     2b9 (0000ae40)     _ku16MBResponseTimeout
0000ae49     2b9 (0000ae40)     __u8ResponseBufferLength
0000ae4a     2b9 (0000ae40)     _rxBuffer
0000ae4c     2b9 (0000ae40)     _txBuffer
0000ae4e     2b9 (0000ae40)     __preTransmission
0000ae50     2b9 (0000ae40)     __postTransmission
0000ae52     2b9 (0000ae40)     __idle

0000ae80     2ba (0000ae80)     __u16ResponseBuffer

0000aec0     2bb (0000aec0)     __u16TransmitBuffer

0000af00     2bc (0000af00)     _msg
0000af04     2bc (0000af00)     _receivedChar

0000af40     2bd (0000af40)     _str

0000afc0     2bf (0000afc0)     _total_path_points
0000afca     2bf (0000afc0)     _generated_path
0000affa     2bf (0000afc0)     ___TI_enable_exit_profile_output
0000affc     2bf (0000afc0)     ___TI_cleanup_ptr
0000affe     2bf (0000afc0)     ___TI_dtors_ptr

0000c000     300 (0000c000)     _modbus_holding_regs

0000c800     320 (0000c800)     _TXIE_C
0000c801     320 (0000c800)     _eusartTxBufferRemaining_C

0000ca40     329 (0000ca40)     _TXIE_D
0000ca41     329 (0000ca40)     _eusartTxBufferRemaining_D

0000cc80     332 (0000cc80)     _slave
0000cc81     332 (0000cc80)     _modbusRTU_Written
0000cc84     332 (0000cc80)     _addressed_slave
0000cc85     332 (0000cc80)     _DEBUGGING
0000cc86     332 (0000cc80)     _UART_Steering_flag
0000cc8c     332 (0000cc80)     _T35

0000ccc0     333 (0000ccc0)     _modbusRTU_written_register_flags

0000cd40     335 (0000cd40)     _TXIE
0000cd41     335 (0000cd40)     _eusartTxBufferRemaining

0000ce02     338 (0000ce00)     _homing_workaround
0000ce03     338 (0000ce00)     _dip_switch

0000ce42     339 (0000ce40)     _rk
0000ce44     339 (0000ce40)     _yk
0000ce46     339 (0000ce40)     _uk
0000ce48     339 (0000ce40)     _lk
0000ce4a     339 (0000ce40)     _pid1
0000ce62     339 (0000ce40)     _method
0000ce63     339 (0000ce40)     _compFactor
0000ce64     339 (0000ce40)     _sampleTime
0000ce65     339 (0000ce40)     _isFinished
0000ce66     339 (0000ce40)     _acceleration
0000ce68     339 (0000ce40)     _oldVelocity
0000ce6a     339 (0000ce40)     _delta
0000ce6c     339 (0000ce40)     _lastTime
0000ce6e     339 (0000ce40)     _position
0000ce70     339 (0000ce40)     _maxVelocity
0000ce72     339 (0000ce40)     _velocity
0000ce74     339 (0000ce40)     _maxAcceleration
0000ce76     339 (0000ce40)     _oldPosition
0000ce78     339 (0000ce40)     _cbuf

0000ce86     33a (0000ce80)     _polling_time
0000ce92     33a (0000ce80)     _crc
0000ce94     33a (0000ce80)     _timeout
0000ce96     33a (0000ce80)     __lock
0000ce98     33a (0000ce80)     __unlock

00090530    2414 (00090500)     _fsupported


GLOBAL SYMBOLS: SORTED ALPHABETICALLY BY Name 

page  address   name                                      
----  -------   ----                                      
abs   ffffffff  .text                                     
0     0008845e  C$$EXIT                                   
0     00083f72  FS$$DIV                                   
0     000884d2  I$$DIV                                    
0     000884e3  I$$MOD                                    
0     0008840b  L$$DIV                                    
0     0008841a  L$$MOD                                    
0     00088428  UL$$DIV                                   
0     0008842f  UL$$MOD                                   
0     00087b51  _ADC_setMode                              
0     00088614  _CPUTimer_setEmulationMode                
0     00080002  _DCL_runDF13                              
0     00080050  _DCL_runDF13i                             
0     0008005d  _DCL_runDF13p                             
0     0008014e  _DCL_runDF22                              
0     00080189  _DCL_runDF22i                             
0     00080198  _DCL_runDF22p                             
0     000800b1  _DCL_runDF23                              
0     000800fd  _DCL_runDF23i                             
0     0008010c  _DCL_runDF23p                             
0     0008022e  _DCL_runPI                                
0     000801c7  _DCL_runPID                               
1     0000cc85  _DEBUGGING                                
0     00086c02  _Device_enableAllPeripherals              
0     00086d4c  _Device_enableUnbondedGPIOPullups         
0     00086d29  _Device_enableUnbondedGPIOPullupsFor100Pin
0     00086d12  _Device_enableUnbondedGPIOPullupsFor176Pin
0     00086be0  _Device_init                              
0     00086cf1  _Device_initGPIO                          
0     00008000  _Flash_initModule                         
0     000883da  _GPIO_setDirectionMode                    
0     0008836a  _GPIO_setMasterCore                       
0     000880aa  _GPIO_setPadConfig                        
0     0008832d  _GPIO_setPinConfig                        
0     000883a2  _GPIO_setQualificationMode                
0     00088149  _Interrupt_disable                        
0     00085fc9  _Interrupt_enable                         
0     00088056  _Interrupt_initModule                     
0     000884f4  _Interrupt_initVectorTable                
0     00085ba7  _ModbusMasterTransaction                  
0     00085aab  _ModbusMaster_available                   
0     00085a3b  _ModbusMaster_begin                       
0     00085a50  _ModbusMaster_beginTransmission           
0     00085a49  _ModbusMaster_change_slave                
0     00085ae5  _ModbusMaster_clearResponseBuffer         
0     00085b03  _ModbusMaster_clearTransmitBuffer         
0     00085ad8  _ModbusMaster_getResponseBuffer           
0     00085ac0  _ModbusMaster_idle                        
0     00085b82  _ModbusMaster_maskWriteRegister           
0     00085ad0  _ModbusMaster_postTransmission            
0     00085ac8  _ModbusMaster_preTransmission             
0     00085b12  _ModbusMaster_readCoils                   
0     00085b1f  _ModbusMaster_readDiscreteInputs          
0     00085b2c  _ModbusMaster_readHoldingRegisters        
0     00085b39  _ModbusMaster_readInputRegisters          
0     00085b94  _ModbusMaster_readWriteMultipleRegisters  
0     00085ab0  _ModbusMaster_receive                     
0     00085a59  _ModbusMaster_requestFrom                 
0     00085a97  _ModbusMaster_send                        
0     00085a6a  _ModbusMaster_sendBit                     
0     00085af4  _ModbusMaster_setTransmitBuffer           
0     00085b68  _ModbusMaster_writeMultipleCoils          
0     00085b75  _ModbusMaster_writeMultipleRegisters      
0     00085b46  _ModbusMaster_writeSingleCoil             
0     00085b58  _ModbusMaster_writeSingleRegister         
0     000864be  _MotionProfile                            
0     0008672c  _MotionProfile_getFinished                
0     00086727  _MotionProfile_pause                      
0     00086749  _MotionProfile_reset                      
0     00086757  _MotionProfile_reset_position             
0     00086742  _MotionProfile_setCompFactor              
0     00086739  _MotionProfile_setMaxAcceleration         
0     00086730  _MotionProfile_setMaxVelocity             
0     000864e6  _MotionProfile_update                     
0     00086135  _RamfuncsLoadEnd                          
abs   00000135  _RamfuncsLoadSize                         
0     00086000  _RamfuncsLoadStart                        
0     00008135  _RamfuncsRunEnd                           
abs   00000135  _RamfuncsRunSize                          
0     00008000  _RamfuncsRunStart                         
0     00084178  _Read1                                    
0     000841c4  _Read2                                    
0     0008421d  _Read4                                    
0     0008429a  _Read4_1                                  
0     00084336  _RoboClaw_BackwardM1                      
0     00084372  _RoboClaw_BackwardM2                      
0     000843ae  _RoboClaw_BackwardMixed                   
0     000848b4  _RoboClaw_DutyAccelM1                     
0     000848f4  _RoboClaw_DutyAccelM1M2                   
0     000848d4  _RoboClaw_DutyAccelM2                     
0     000845b0  _RoboClaw_DutyM1                          
0     000845d4  _RoboClaw_DutyM1M2                        
0     000845c2  _RoboClaw_DutyM2                          
0     00084381  _RoboClaw_ForwardBackwardM1               
0     00084390  _RoboClaw_ForwardBackwardM2               
0     000843db  _RoboClaw_ForwardBackwardMixed            
0     00084328  _RoboClaw_ForwardM1                       
0     00084363  _RoboClaw_ForwardM2                       
0     0008439f  _RoboClaw_ForwardMixed                    
0     00084df0  _RoboClaw_GetConfig                       
0     00084d20  _RoboClaw_GetDeadBand                     
0     00084e81  _RoboClaw_GetPWMMode                      
0     00084ca8  _RoboClaw_GetPinFunctions                 
0     000843ea  _RoboClaw_LeftRightMixed                  
0     000847ea  _RoboClaw_ReadBuffers                     
0     00084817  _RoboClaw_ReadCurrents                    
0     000843f9  _RoboClaw_ReadEncM1                       
0     00084402  _RoboClaw_ReadEncM2                       
0     00084d89  _RoboClaw_ReadEncoderModes                
0     00084d37  _RoboClaw_ReadEncoders                    
0     00084d81  _RoboClaw_ReadError                       
0     0008459e  _RoboClaw_ReadISpeedM1                    
0     000845a7  _RoboClaw_ReadISpeedM2                    
0     00084d48  _RoboClaw_ReadISpeeds                     
0     000844c4  _RoboClaw_ReadLogicBatteryVoltage         
0     00084e3e  _RoboClaw_ReadM1MaxCurrent                
0     00084af5  _RoboClaw_ReadM1PositionPID               
0     00084923  _RoboClaw_ReadM1VelocityPID               
0     00084e58  _RoboClaw_ReadM2MaxCurrent                
0     00084b3e  _RoboClaw_ReadM2PositionPID               
0     00084966  _RoboClaw_ReadM2VelocityPID               
0     000844bc  _RoboClaw_ReadMainBatteryVoltage          
0     000849ef  _RoboClaw_ReadMinMaxLogicVoltages         
0     000849d9  _RoboClaw_ReadMinMaxMainVoltages          
0     00084dd2  _RoboClaw_ReadNVM                         
0     00084801  _RoboClaw_ReadPWMs                        
0     0008440b  _RoboClaw_ReadSpeedM1                     
0     00084414  _RoboClaw_ReadSpeedM2                     
0     00084d65  _RoboClaw_ReadTemp                        
0     00084d73  _RoboClaw_ReadTemp2                       
0     00084429  _RoboClaw_ReadVersion                     
0     0008441d  _RoboClaw_ResetEncoders                   
0     00084d59  _RoboClaw_RestoreDefaults                 
0     00084dde  _RoboClaw_SetConfig                       
0     00084d0e  _RoboClaw_SetDeadBand                     
0     00084488  _RoboClaw_SetEncM1                        
0     000844a2  _RoboClaw_SetEncM2                        
0     000849c1  _RoboClaw_SetLogicVoltages                
0     00084c5f  _RoboClaw_SetM1DefaultAccel               
0     00084da0  _RoboClaw_SetM1EncoderMode                
0     00084e02  _RoboClaw_SetM1MaxCurrent                 
0     00084a05  _RoboClaw_SetM1PositionPID                
0     000844ea  _RoboClaw_SetM1VelocityPID                
0     00084c79  _RoboClaw_SetM2DefaultAccel               
0     00084daf  _RoboClaw_SetM2EncoderMode                
0     00084e20  _RoboClaw_SetM2MaxCurrent                 
0     00084a7d  _RoboClaw_SetM2PositionPID                
0     00084544  _RoboClaw_SetM2VelocityPID                
0     000849a9  _RoboClaw_SetMainVoltages                 
0     000844db  _RoboClaw_SetMaxVoltageLogicBattery       
0     00084354  _RoboClaw_SetMaxVoltageMainBattery        
0     000844cc  _RoboClaw_SetMinVoltageLogicBattery       
0     00084345  _RoboClaw_SetMinVoltageMainBattery        
0     00084e72  _RoboClaw_SetPWMMode                      
0     00084c93  _RoboClaw_SetPinFunctions                 
0     00084b87  _RoboClaw_SpeedAccelDeccelPositionM1      
0     00084bfd  _RoboClaw_SpeedAccelDeccelPositionM1M2    
0     00084bc2  _RoboClaw_SpeedAccelDeccelPositionM2      
0     00084743  _RoboClaw_SpeedAccelDistanceM1            
0     000847a5  _RoboClaw_SpeedAccelDistanceM1M2          
0     00084865  _RoboClaw_SpeedAccelDistanceM1M2_2        
0     00084774  _RoboClaw_SpeedAccelDistanceM2            
0     00084644  _RoboClaw_SpeedAccelM1                    
0     0008468c  _RoboClaw_SpeedAccelM1M2                  
0     0008482d  _RoboClaw_SpeedAccelM1M2_2                
0     00084668  _RoboClaw_SpeedAccelM2                    
0     000846ba  _RoboClaw_SpeedDistanceM1                 
0     00084708  _RoboClaw_SpeedDistanceM1M2               
0     000846e1  _RoboClaw_SpeedDistanceM2                 
0     000845ec  _RoboClaw_SpeedM1                         
0     00084620  _RoboClaw_SpeedM1M2                       
0     00084606  _RoboClaw_SpeedM2                         
0     000843cc  _RoboClaw_TurnLeftMixed                   
0     000843bd  _RoboClaw_TurnRightMixed                  
0     00084dbe  _RoboClaw_WriteNVM                        
0     00084022  _RoboClaw_library_version                 
0     000881dc  _SCI_clearInterruptStatus                 
0     00088222  _SCI_disableInterrupt                     
0     00088268  _SCI_enableInterrupt                      
0     000882ed  _SCI_setConfig                            
0     000882ac  _SCI_writeCharArray                       
0     00087e25  _SPI_setConfig                            
0     00008131  _SysCtl_delay                             
0     000880fc  _SysCtl_selectOscSource                   
0     00086760  _SysCtl_setClock                          
1     0000cc8c  _T35                                      
1     0000cd40  _TXIE                                     
1     0000ac00  _TXIE_B                                   
1     0000c800  _TXIE_C                                   
1     0000ca40  _TXIE_D                                   
1     0000cc86  _UART_Steering_flag                       
0     000822fc  _XYZ_to_length4                           
1     00000500  __STACK_END                               
abs   00000100  __STACK_SIZE                              
abs   00000400  __SYSMEM_SIZE                             
1     0000affc  ___TI_cleanup_ptr                         
1     0000affe  ___TI_dtors_ptr                           
1     0000affa  ___TI_enable_exit_profile_output          
abs   ffffffff  ___TI_pprof_out_hndl                      
abs   ffffffff  ___TI_prof_data_size                      
abs   ffffffff  ___TI_prof_data_start                     
abs   ffffffff  ___binit__                                
abs   ffffffff  ___c_args__                               
0     00082000  ___cinit__                                
0     00086d62  ___error__                                
abs   ffffffff  ___etext__                                
0     00087acb  ___ldexp_cexpf                            
0     00087ab2  ___ldexp_expf                             
abs   ffffffff  ___pinit__                                
abs   ffffffff  ___text__                                 
0     000885d2  __args_main                               
1     0000ae52  __idle                                    
1     0000ce96  __lock                                    
0     000886aa  __nop                                     
1     0000ae50  __postTransmission                        
1     0000ae4e  __preTransmission                         
0     000886a6  __register_lock                           
0     000886a2  __register_unlock                         
1     00000400  __stack                                   
1     0000a800  __sys_memory                              
0     00085ffc  __system_post_cinit                       
0     00083ffe  __system_pre_init                         
1     0000ae45  __u16ReadAddress                          
1     0000ae44  __u16ReadQty                              
1     0000ae80  __u16ResponseBuffer                       
1     0000aec0  __u16TransmitBuffer                       
1     0000ae40  __u16WriteAddress                         
1     0000ae42  __u16WriteQty                             
1     0000ae43  __u8MBSlave                               
1     0000ae46  __u8ResponseBufferIndex                   
1     0000ae49  __u8ResponseBufferLength                  
1     0000ae47  __u8TransmitBufferIndex                   
1     0000ce98  __unlock                                  
0     0008845e  _abort                                    
1     0000ce66  _acceleration                             
1     0000cc84  _addressed_slave                          
0     00082c05  _angle2tensions                           
0     00087cef  _asinh                                    
0     00087cef  _asinhf                                   
0     0008387f  _auto_mode                                
0     0008402c  _available                                
0     000881a9  _bidirectional_motor                      
0     000876f9  _blinking_led                             
0     00083416  _brensenham3d                             
0     000873f2  _broadcast_status                         
0     000877cb  _buffered_serial_B_available              
0     000877d5  _buffered_serial_B_flush                  
0     000877b1  _buffered_serial_B_read                   
0     000877e1  _buffered_serial_B_receive                
0     000877fe  _buffered_serial_B_transmit               
0     00087777  _buffered_serial_B_write                  
0     00087971  _buffered_serial_C_available              
0     0008797b  _buffered_serial_C_flush                  
0     00087957  _buffered_serial_C_read                   
0     00087980  _buffered_serial_C_receive                
0     0008799d  _buffered_serial_C_transmit               
0     0008791d  _buffered_serial_C_write                  
0     00087a3e  _buffered_serial_D_available              
0     00087a48  _buffered_serial_D_flush                  
0     00087a24  _buffered_serial_D_read                   
0     00087a4d  _buffered_serial_D_receive                
0     00087a6a  _buffered_serial_D_transmit               
0     000879ea  _buffered_serial_D_write                  
0     0008789f  _buffered_serial_available                
0     000878a8  _buffered_serial_flush                    
0     00087885  _buffered_serial_read                     
0     000878b3  _buffered_serial_receive                  
0     000878d0  _buffered_serial_transmit                 
0     0008784b  _buffered_serial_write                    
0     00083bdf  _build_error_packet                       
0     00083b92  _build_read_packet                        
0     00083ba4  _build_write_packet                       
0     00083bc0  _build_write_single_packet                
0     00087f87  _c_int00                                  
0     000865bf  _calculateConstantVelocityProfile         
0     0008660e  _calculateTrapezoidalProfile              
1     0000ce78  _cbuf                                     
0     00088000  _ceil                                     
0     00088000  _ceilf                                    
0     0008365e  _check_current_coordinate                 
0     000873a2  _check_network_health                     
1     0000ce63  _compFactor                               
0     00082d03  _coord2ten_sag                            
0     000884ae  _copy_in                                  
0     00088627  _copysign                                 
0     00088627  _copysignf                                
0     00087d63  _cos                                      
0     00087d63  _cosf                                     
1     0000ce92  _crc                                      
0     00084078  _crc_clear                                
0     0008409a  _crc_get                                  
0     0008407c  _crc_update                               
0     0008359c  _delayed_zero_tether                      
1     0000ce6a  _delta                                    
1     0000ce03  _dip_switch                               
0     000834e0  _encoder_pulses_to_length                 
0     00086981  _epwm3ISR                                 
1     0000ae3f  _errno                                    
1     0000cd41  _eusartTxBufferRemaining                  
1     0000ac01  _eusartTxBufferRemaining_B                
1     0000c801  _eusartTxBufferRemaining_C                
1     0000ca41  _eusartTxBufferRemaining_D                
0     00088460  _exit                                     
0     0008728c  _exp                                      
0     0008728c  _expf                                     
0     00086edd  _expm1                                    
0     00086edd  _expm1f                                   
0     00087ed9  _floor                                    
0     00087ed9  _floorf                                   
0     0008402f  _flush                                    
0     00090530  _fsupported                               
1     0000afca  _generated_path                           
0     000835c8  _homing_routine                           
1     0000ce02  _homing_workaround                        
0     000864d1  _init                                     
0     000857e0  _init_adc                                 
0     00085977  _init_ads1220                             
0     0008569e  _init_eqep                                
0     00085309  _init_gpio                                
0     00085713  _init_pwm                                 
0     000859b0  _init_roboclaw                            
0     000876a2  _init_settings                            
0     000859e2  _init_smartwinch                          
0     0008586b  _init_spi_A                               
0     000858fb  _init_spi_B                               
0     00085845  _init_timer                               
0     0008542c  _init_uart_A                              
0     000854c5  _init_uart_B                              
0     00085563  _init_uart_C                              
0     00085601  _init_uart_D                              
0     00087479  _interwinch_comms_handler                 
1     0000ce65  _isFinished                               
0     00083a62  _is_tether_close_to_target_length         
1     0000ae48  _ku16MBResponseTimeout                    
1     0000ce6c  _lastTime                                 
0     00087f30  _ldexp                                    
0     00087f30  _ldexpf                                   
0     0008222d  _length4_to_XYZ                           
0     000834cf  _length_to_encoder_pulses                 
1     0000ce48  _lk                                       
0     00087042  _log                                      
0     00086d69  _log1p                                    
0     00086d69  _log1pf                                   
0     00087042  _logf                                     
0     00087716  _main                                     
0     000836f5  _manual_control                           
0     00087429  _master_winch_comms                       
0     000823a3  _matrix_inv_3x3                           
0     000824cc  _matrix_mul_3x3_3x1                       
0     00083359  _max                                      
1     0000ce74  _maxAcceleration                          
1     0000ce70  _maxVelocity                              
0     00082525  _max_val4                                 
0     00082181  _max_val4_loc                             
0     00088533  _memcpy                                   
1     0000ce62  _method                                   
0     0008259d  _min_max_diff                             
0     0008214a  _min_val4_loc                             
0     00083dd1  _modbusRTU_Update                         
0     00083e98  _modbusRTU_Update_2                       
1     0000cc81  _modbusRTU_Written                        
0     00083f60  _modbusRTU_init                           
1     0000ccc0  _modbusRTU_written_register_flags         
0     00083b66  _modbus_crc                               
1     0000c000  _modbus_holding_regs                      
0     00083bf1  _modbus_reply                             
0     00083c7f  _modbus_request                           
0     000874b9  _motor_driving_with_safety_check          
1     0000af00  _msg                                      
1     0000ce76  _oldPosition                              
1     0000ce68  _oldVelocity                              
0     000871b7  _old_pid                                  
1     0000ce4a  _pid1                                     
1     0000ce86  _polling_time                             
1     0000ce6e  _position                                 
0     00086138  _pow                                      
0     00086138  _powf                                     
0     00083d34  _preset_multiple_registers                
0     000834b3  _pulse_length_scaler                      
0     00084032  _read                                     
0     00083a8d  _read_DIP_switch                          
0     000836a9  _read_all_adc                             
0     00083882  _read_current_cable_length_from_mcp266    
0     00083d77  _read_holding_registers                   
0     0008397e  _read_load_cell                           
0     000838e6  _read_mcp266_pids                         
0     0008395c  _read_mcp266_pwm                          
0     000840d3  _read_n                                   
0     00083c33  _receive_request                          
1     0000af04  _receivedChar                             
0     000836d0  _relative_control                         
1     0000ce42  _rk                                       
0     000821b8  _rotate_about_center                      
0     00082572  _round1dp                                 
1     0000ae4a  _rxBuffer                                 
1     0000ce64  _sampleTime                               
0     00087f30  _scalbn                                   
0     00087f30  _scalbnf                                  
0     000869f8  _sciaRXFIFOISR                            
0     000869be  _sciaTXFIFOISR                            
0     00086a71  _scibRXFIFOISR                            
0     00086a37  _scibTXFIFOISR                            
0     00086ae9  _scicRXFIFOISR                            
0     00086ab0  _scicTXFIFOISR                            
0     00086b60  _scidRXFIFOISR                            
0     00086b27  _scidTXFIFOISR                            
0     00082565  _sec                                      
0     00083c05  _send_reply                               
0     00087e81  _sin                                      
0     00087e81  _sinf                                     
0     00087c70  _sinh                                     
0     00087c70  _sinhf                                    
1     0000cc80  _slave                                    
0     00087444  _slave_winch_comms                        
0     00088488  _sqrt                                     
0     00088488  _sqrtf                                    
0     00086586  _stateCalculation                         
1     0000af40  _str                                      
0     00087dc4  _tan                                      
0     00087dc4  _tanf                                     
0     00083b2d  _task_scheduler_handler                   
0     000825f6  _ten2hten                                 
0     0008267a  _tenandsag2coord                          
0     00086554  _timeCalculation                          
1     0000ce94  _timeout                                  
1     0000afc0  _total_path_points                        
1     0000ae4c  _txBuffer                                 
1     0000ae41  _u16TransmitBufferLength                  
1     0000ce46  _uk                                       
0     00083ae3  _underrun_error_check                     
0     000838a3  _update_mcp266_pids                       
0     00083370  _update_scaled_velocity                   
0     00083cba  _validate_request                         
1     0000ce72  _velocity                                 
0     00087586  _waypoint_follower                        
0     000834f5  _waypoints                                
0     00085a18  _word                                     
0     00084024  _write                                    
0     0008409e  _write_n                                  
0     00083d13  _write_regs                               
0     00083d55  _write_single_register                    
1     0000ce44  _yk                                       
0     00083a74  _zero_force_mode                          
abs   ffffffff  binit                                     
0     00082000  cinit                                     
0     00080000  code_start                                
abs   ffffffff  etext                                     
abs   ffffffff  pinit                                     


GLOBAL SYMBOLS: SORTED BY Symbol Address 

page  address   name                                      
----  -------   ----                                      
0     00008000  _Flash_initModule                         
0     00008000  _RamfuncsRunStart                         
0     00008131  _SysCtl_delay                             
0     00008135  _RamfuncsRunEnd                           
0     00080000  code_start                                
0     00080002  _DCL_runDF13                              
0     00080050  _DCL_runDF13i                             
0     0008005d  _DCL_runDF13p                             
0     000800b1  _DCL_runDF23                              
0     000800fd  _DCL_runDF23i                             
0     0008010c  _DCL_runDF23p                             
0     0008014e  _DCL_runDF22                              
0     00080189  _DCL_runDF22i                             
0     00080198  _DCL_runDF22p                             
0     000801c7  _DCL_runPID                               
0     0008022e  _DCL_runPI                                
0     00082000  ___cinit__                                
0     00082000  cinit                                     
0     0008214a  _min_val4_loc                             
0     00082181  _max_val4_loc                             
0     000821b8  _rotate_about_center                      
0     0008222d  _length4_to_XYZ                           
0     000822fc  _XYZ_to_length4                           
0     000823a3  _matrix_inv_3x3                           
0     000824cc  _matrix_mul_3x3_3x1                       
0     00082525  _max_val4                                 
0     00082565  _sec                                      
0     00082572  _round1dp                                 
0     0008259d  _min_max_diff                             
0     000825f6  _ten2hten                                 
0     0008267a  _tenandsag2coord                          
0     00082c05  _angle2tensions                           
0     00082d03  _coord2ten_sag                            
0     00083359  _max                                      
0     00083370  _update_scaled_velocity                   
0     00083416  _brensenham3d                             
0     000834b3  _pulse_length_scaler                      
0     000834cf  _length_to_encoder_pulses                 
0     000834e0  _encoder_pulses_to_length                 
0     000834f5  _waypoints                                
0     0008359c  _delayed_zero_tether                      
0     000835c8  _homing_routine                           
0     0008365e  _check_current_coordinate                 
0     000836a9  _read_all_adc                             
0     000836d0  _relative_control                         
0     000836f5  _manual_control                           
0     0008387f  _auto_mode                                
0     00083882  _read_current_cable_length_from_mcp266    
0     000838a3  _update_mcp266_pids                       
0     000838e6  _read_mcp266_pids                         
0     0008395c  _read_mcp266_pwm                          
0     0008397e  _read_load_cell                           
0     00083a62  _is_tether_close_to_target_length         
0     00083a74  _zero_force_mode                          
0     00083a8d  _read_DIP_switch                          
0     00083ae3  _underrun_error_check                     
0     00083b2d  _task_scheduler_handler                   
0     00083b66  _modbus_crc                               
0     00083b92  _build_read_packet                        
0     00083ba4  _build_write_packet                       
0     00083bc0  _build_write_single_packet                
0     00083bdf  _build_error_packet                       
0     00083bf1  _modbus_reply                             
0     00083c05  _send_reply                               
0     00083c33  _receive_request                          
0     00083c7f  _modbus_request                           
0     00083cba  _validate_request                         
0     00083d13  _write_regs                               
0     00083d34  _preset_multiple_registers                
0     00083d55  _write_single_register                    
0     00083d77  _read_holding_registers                   
0     00083dd1  _modbusRTU_Update                         
0     00083e98  _modbusRTU_Update_2                       
0     00083f60  _modbusRTU_init                           
0     00083f72  FS$$DIV                                   
0     00083ffe  __system_pre_init                         
0     00084022  _RoboClaw_library_version                 
0     00084024  _write                                    
0     0008402c  _available                                
0     0008402f  _flush                                    
0     00084032  _read                                     
0     00084078  _crc_clear                                
0     0008407c  _crc_update                               
0     0008409a  _crc_get                                  
0     0008409e  _write_n                                  
0     000840d3  _read_n                                   
0     00084178  _Read1                                    
0     000841c4  _Read2                                    
0     0008421d  _Read4                                    
0     0008429a  _Read4_1                                  
0     00084328  _RoboClaw_ForwardM1                       
0     00084336  _RoboClaw_BackwardM1                      
0     00084345  _RoboClaw_SetMinVoltageMainBattery        
0     00084354  _RoboClaw_SetMaxVoltageMainBattery        
0     00084363  _RoboClaw_ForwardM2                       
0     00084372  _RoboClaw_BackwardM2                      
0     00084381  _RoboClaw_ForwardBackwardM1               
0     00084390  _RoboClaw_ForwardBackwardM2               
0     0008439f  _RoboClaw_ForwardMixed                    
0     000843ae  _RoboClaw_BackwardMixed                   
0     000843bd  _RoboClaw_TurnRightMixed                  
0     000843cc  _RoboClaw_TurnLeftMixed                   
0     000843db  _RoboClaw_ForwardBackwardMixed            
0     000843ea  _RoboClaw_LeftRightMixed                  
0     000843f9  _RoboClaw_ReadEncM1                       
0     00084402  _RoboClaw_ReadEncM2                       
0     0008440b  _RoboClaw_ReadSpeedM1                     
0     00084414  _RoboClaw_ReadSpeedM2                     
0     0008441d  _RoboClaw_ResetEncoders                   
0     00084429  _RoboClaw_ReadVersion                     
0     00084488  _RoboClaw_SetEncM1                        
0     000844a2  _RoboClaw_SetEncM2                        
0     000844bc  _RoboClaw_ReadMainBatteryVoltage          
0     000844c4  _RoboClaw_ReadLogicBatteryVoltage         
0     000844cc  _RoboClaw_SetMinVoltageLogicBattery       
0     000844db  _RoboClaw_SetMaxVoltageLogicBattery       
0     000844ea  _RoboClaw_SetM1VelocityPID                
0     00084544  _RoboClaw_SetM2VelocityPID                
0     0008459e  _RoboClaw_ReadISpeedM1                    
0     000845a7  _RoboClaw_ReadISpeedM2                    
0     000845b0  _RoboClaw_DutyM1                          
0     000845c2  _RoboClaw_DutyM2                          
0     000845d4  _RoboClaw_DutyM1M2                        
0     000845ec  _RoboClaw_SpeedM1                         
0     00084606  _RoboClaw_SpeedM2                         
0     00084620  _RoboClaw_SpeedM1M2                       
0     00084644  _RoboClaw_SpeedAccelM1                    
0     00084668  _RoboClaw_SpeedAccelM2                    
0     0008468c  _RoboClaw_SpeedAccelM1M2                  
0     000846ba  _RoboClaw_SpeedDistanceM1                 
0     000846e1  _RoboClaw_SpeedDistanceM2                 
0     00084708  _RoboClaw_SpeedDistanceM1M2               
0     00084743  _RoboClaw_SpeedAccelDistanceM1            
0     00084774  _RoboClaw_SpeedAccelDistanceM2            
0     000847a5  _RoboClaw_SpeedAccelDistanceM1M2          
0     000847ea  _RoboClaw_ReadBuffers                     
0     00084801  _RoboClaw_ReadPWMs                        
0     00084817  _RoboClaw_ReadCurrents                    
0     0008482d  _RoboClaw_SpeedAccelM1M2_2                
0     00084865  _RoboClaw_SpeedAccelDistanceM1M2_2        
0     000848b4  _RoboClaw_DutyAccelM1                     
0     000848d4  _RoboClaw_DutyAccelM2                     
0     000848f4  _RoboClaw_DutyAccelM1M2                   
0     00084923  _RoboClaw_ReadM1VelocityPID               
0     00084966  _RoboClaw_ReadM2VelocityPID               
0     000849a9  _RoboClaw_SetMainVoltages                 
0     000849c1  _RoboClaw_SetLogicVoltages                
0     000849d9  _RoboClaw_ReadMinMaxMainVoltages          
0     000849ef  _RoboClaw_ReadMinMaxLogicVoltages         
0     00084a05  _RoboClaw_SetM1PositionPID                
0     00084a7d  _RoboClaw_SetM2PositionPID                
0     00084af5  _RoboClaw_ReadM1PositionPID               
0     00084b3e  _RoboClaw_ReadM2PositionPID               
0     00084b87  _RoboClaw_SpeedAccelDeccelPositionM1      
0     00084bc2  _RoboClaw_SpeedAccelDeccelPositionM2      
0     00084bfd  _RoboClaw_SpeedAccelDeccelPositionM1M2    
0     00084c5f  _RoboClaw_SetM1DefaultAccel               
0     00084c79  _RoboClaw_SetM2DefaultAccel               
0     00084c93  _RoboClaw_SetPinFunctions                 
0     00084ca8  _RoboClaw_GetPinFunctions                 
0     00084d0e  _RoboClaw_SetDeadBand                     
0     00084d20  _RoboClaw_GetDeadBand                     
0     00084d37  _RoboClaw_ReadEncoders                    
0     00084d48  _RoboClaw_ReadISpeeds                     
0     00084d59  _RoboClaw_RestoreDefaults                 
0     00084d65  _RoboClaw_ReadTemp                        
0     00084d73  _RoboClaw_ReadTemp2                       
0     00084d81  _RoboClaw_ReadError                       
0     00084d89  _RoboClaw_ReadEncoderModes                
0     00084da0  _RoboClaw_SetM1EncoderMode                
0     00084daf  _RoboClaw_SetM2EncoderMode                
0     00084dbe  _RoboClaw_WriteNVM                        
0     00084dd2  _RoboClaw_ReadNVM                         
0     00084dde  _RoboClaw_SetConfig                       
0     00084df0  _RoboClaw_GetConfig                       
0     00084e02  _RoboClaw_SetM1MaxCurrent                 
0     00084e20  _RoboClaw_SetM2MaxCurrent                 
0     00084e3e  _RoboClaw_ReadM1MaxCurrent                
0     00084e58  _RoboClaw_ReadM2MaxCurrent                
0     00084e72  _RoboClaw_SetPWMMode                      
0     00084e81  _RoboClaw_GetPWMMode                      
0     00085309  _init_gpio                                
0     0008542c  _init_uart_A                              
0     000854c5  _init_uart_B                              
0     00085563  _init_uart_C                              
0     00085601  _init_uart_D                              
0     0008569e  _init_eqep                                
0     00085713  _init_pwm                                 
0     000857e0  _init_adc                                 
0     00085845  _init_timer                               
0     0008586b  _init_spi_A                               
0     000858fb  _init_spi_B                               
0     00085977  _init_ads1220                             
0     000859b0  _init_roboclaw                            
0     000859e2  _init_smartwinch                          
0     00085a18  _word                                     
0     00085a3b  _ModbusMaster_begin                       
0     00085a49  _ModbusMaster_change_slave                
0     00085a50  _ModbusMaster_beginTransmission           
0     00085a59  _ModbusMaster_requestFrom                 
0     00085a6a  _ModbusMaster_sendBit                     
0     00085a97  _ModbusMaster_send                        
0     00085aab  _ModbusMaster_available                   
0     00085ab0  _ModbusMaster_receive                     
0     00085ac0  _ModbusMaster_idle                        
0     00085ac8  _ModbusMaster_preTransmission             
0     00085ad0  _ModbusMaster_postTransmission            
0     00085ad8  _ModbusMaster_getResponseBuffer           
0     00085ae5  _ModbusMaster_clearResponseBuffer         
0     00085af4  _ModbusMaster_setTransmitBuffer           
0     00085b03  _ModbusMaster_clearTransmitBuffer         
0     00085b12  _ModbusMaster_readCoils                   
0     00085b1f  _ModbusMaster_readDiscreteInputs          
0     00085b2c  _ModbusMaster_readHoldingRegisters        
0     00085b39  _ModbusMaster_readInputRegisters          
0     00085b46  _ModbusMaster_writeSingleCoil             
0     00085b58  _ModbusMaster_writeSingleRegister         
0     00085b68  _ModbusMaster_writeMultipleCoils          
0     00085b75  _ModbusMaster_writeMultipleRegisters      
0     00085b82  _ModbusMaster_maskWriteRegister           
0     00085b94  _ModbusMaster_readWriteMultipleRegisters  
0     00085ba7  _ModbusMasterTransaction                  
0     00085fc9  _Interrupt_enable                         
0     00085ffc  __system_post_cinit                       
0     00086000  _RamfuncsLoadStart                        
0     00086135  _RamfuncsLoadEnd                          
0     00086138  _pow                                      
0     00086138  _powf                                     
0     000864be  _MotionProfile                            
0     000864d1  _init                                     
0     000864e6  _MotionProfile_update                     
0     00086554  _timeCalculation                          
0     00086586  _stateCalculation                         
0     000865bf  _calculateConstantVelocityProfile         
0     0008660e  _calculateTrapezoidalProfile              
0     00086727  _MotionProfile_pause                      
0     0008672c  _MotionProfile_getFinished                
0     00086730  _MotionProfile_setMaxVelocity             
0     00086739  _MotionProfile_setMaxAcceleration         
0     00086742  _MotionProfile_setCompFactor              
0     00086749  _MotionProfile_reset                      
0     00086757  _MotionProfile_reset_position             
0     00086760  _SysCtl_setClock                          
0     00086981  _epwm3ISR                                 
0     000869be  _sciaTXFIFOISR                            
0     000869f8  _sciaRXFIFOISR                            
0     00086a37  _scibTXFIFOISR                            
0     00086a71  _scibRXFIFOISR                            
0     00086ab0  _scicTXFIFOISR                            
0     00086ae9  _scicRXFIFOISR                            
0     00086b27  _scidTXFIFOISR                            
0     00086b60  _scidRXFIFOISR                            
0     00086be0  _Device_init                              
0     00086c02  _Device_enableAllPeripherals              
0     00086cf1  _Device_initGPIO                          
0     00086d12  _Device_enableUnbondedGPIOPullupsFor176Pin
0     00086d29  _Device_enableUnbondedGPIOPullupsFor100Pin
0     00086d4c  _Device_enableUnbondedGPIOPullups         
0     00086d62  ___error__                                
0     00086d69  _log1p                                    
0     00086d69  _log1pf                                   
0     00086edd  _expm1                                    
0     00086edd  _expm1f                                   
0     00087042  _log                                      
0     00087042  _logf                                     
0     000871b7  _old_pid                                  
0     0008728c  _exp                                      
0     0008728c  _expf                                     
0     000873a2  _check_network_health                     
0     000873f2  _broadcast_status                         
0     00087429  _master_winch_comms                       
0     00087444  _slave_winch_comms                        
0     00087479  _interwinch_comms_handler                 
0     000874b9  _motor_driving_with_safety_check          
0     00087586  _waypoint_follower                        
0     000876a2  _init_settings                            
0     000876f9  _blinking_led                             
0     00087716  _main                                     
0     00087777  _buffered_serial_B_write                  
0     000877b1  _buffered_serial_B_read                   
0     000877cb  _buffered_serial_B_available              
0     000877d5  _buffered_serial_B_flush                  
0     000877e1  _buffered_serial_B_receive                
0     000877fe  _buffered_serial_B_transmit               
0     0008784b  _buffered_serial_write                    
0     00087885  _buffered_serial_read                     
0     0008789f  _buffered_serial_available                
0     000878a8  _buffered_serial_flush                    
0     000878b3  _buffered_serial_receive                  
0     000878d0  _buffered_serial_transmit                 
0     0008791d  _buffered_serial_C_write                  
0     00087957  _buffered_serial_C_read                   
0     00087971  _buffered_serial_C_available              
0     0008797b  _buffered_serial_C_flush                  
0     00087980  _buffered_serial_C_receive                
0     0008799d  _buffered_serial_C_transmit               
0     000879ea  _buffered_serial_D_write                  
0     00087a24  _buffered_serial_D_read                   
0     00087a3e  _buffered_serial_D_available              
0     00087a48  _buffered_serial_D_flush                  
0     00087a4d  _buffered_serial_D_receive                
0     00087a6a  _buffered_serial_D_transmit               
0     00087ab2  ___ldexp_expf                             
0     00087acb  ___ldexp_cexpf                            
0     00087b51  _ADC_setMode                              
0     00087c70  _sinh                                     
0     00087c70  _sinhf                                    
0     00087cef  _asinh                                    
0     00087cef  _asinhf                                   
0     00087d63  _cos                                      
0     00087d63  _cosf                                     
0     00087dc4  _tan                                      
0     00087dc4  _tanf                                     
0     00087e25  _SPI_setConfig                            
0     00087e81  _sin                                      
0     00087e81  _sinf                                     
0     00087ed9  _floor                                    
0     00087ed9  _floorf                                   
0     00087f30  _ldexp                                    
0     00087f30  _ldexpf                                   
0     00087f30  _scalbn                                   
0     00087f30  _scalbnf                                  
0     00087f87  _c_int00                                  
0     00088000  _ceil                                     
0     00088000  _ceilf                                    
0     00088056  _Interrupt_initModule                     
0     000880aa  _GPIO_setPadConfig                        
0     000880fc  _SysCtl_selectOscSource                   
0     00088149  _Interrupt_disable                        
0     000881a9  _bidirectional_motor                      
0     000881dc  _SCI_clearInterruptStatus                 
0     00088222  _SCI_disableInterrupt                     
0     00088268  _SCI_enableInterrupt                      
0     000882ac  _SCI_writeCharArray                       
0     000882ed  _SCI_setConfig                            
0     0008832d  _GPIO_setPinConfig                        
0     0008836a  _GPIO_setMasterCore                       
0     000883a2  _GPIO_setQualificationMode                
0     000883da  _GPIO_setDirectionMode                    
0     0008840b  L$$DIV                                    
0     0008841a  L$$MOD                                    
0     00088428  UL$$DIV                                   
0     0008842f  UL$$MOD                                   
0     0008845e  C$$EXIT                                   
0     0008845e  _abort                                    
0     00088460  _exit                                     
0     00088488  _sqrt                                     
0     00088488  _sqrtf                                    
0     000884ae  _copy_in                                  
0     000884d2  I$$DIV                                    
0     000884e3  I$$MOD                                    
0     000884f4  _Interrupt_initVectorTable                
0     00088533  _memcpy                                   
0     000885d2  __args_main                               
0     00088614  _CPUTimer_setEmulationMode                
0     00088627  _copysign                                 
0     00088627  _copysignf                                
0     000886a2  __register_unlock                         
0     000886a6  __register_lock                           
0     000886aa  __nop                                     
0     00090530  _fsupported                               
1     00000400  __stack                                   
1     00000500  __STACK_END                               
1     0000a800  __sys_memory                              
1     0000ac00  _TXIE_B                                   
1     0000ac01  _eusartTxBufferRemaining_B                
1     0000ae3f  _errno                                    
1     0000ae40  __u16WriteAddress                         
1     0000ae41  _u16TransmitBufferLength                  
1     0000ae42  __u16WriteQty                             
1     0000ae43  __u8MBSlave                               
1     0000ae44  __u16ReadQty                              
1     0000ae45  __u16ReadAddress                          
1     0000ae46  __u8ResponseBufferIndex                   
1     0000ae47  __u8TransmitBufferIndex                   
1     0000ae48  _ku16MBResponseTimeout                    
1     0000ae49  __u8ResponseBufferLength                  
1     0000ae4a  _rxBuffer                                 
1     0000ae4c  _txBuffer                                 
1     0000ae4e  __preTransmission                         
1     0000ae50  __postTransmission                        
1     0000ae52  __idle                                    
1     0000ae80  __u16ResponseBuffer                       
1     0000aec0  __u16TransmitBuffer                       
1     0000af00  _msg                                      
1     0000af04  _receivedChar                             
1     0000af40  _str                                      
1     0000afc0  _total_path_points                        
1     0000afca  _generated_path                           
1     0000affa  ___TI_enable_exit_profile_output          
1     0000affc  ___TI_cleanup_ptr                         
1     0000affe  ___TI_dtors_ptr                           
1     0000c000  _modbus_holding_regs                      
1     0000c800  _TXIE_C                                   
1     0000c801  _eusartTxBufferRemaining_C                
1     0000ca40  _TXIE_D                                   
1     0000ca41  _eusartTxBufferRemaining_D                
1     0000cc80  _slave                                    
1     0000cc81  _modbusRTU_Written                        
1     0000cc84  _addressed_slave                          
1     0000cc85  _DEBUGGING                                
1     0000cc86  _UART_Steering_flag                       
1     0000cc8c  _T35                                      
1     0000ccc0  _modbusRTU_written_register_flags         
1     0000cd40  _TXIE                                     
1     0000cd41  _eusartTxBufferRemaining                  
1     0000ce02  _homing_workaround                        
1     0000ce03  _dip_switch                               
1     0000ce42  _rk                                       
1     0000ce44  _yk                                       
1     0000ce46  _uk                                       
1     0000ce48  _lk                                       
1     0000ce4a  _pid1                                     
1     0000ce62  _method                                   
1     0000ce63  _compFactor                               
1     0000ce64  _sampleTime                               
1     0000ce65  _isFinished                               
1     0000ce66  _acceleration                             
1     0000ce68  _oldVelocity                              
1     0000ce6a  _delta                                    
1     0000ce6c  _lastTime                                 
1     0000ce6e  _position                                 
1     0000ce70  _maxVelocity                              
1     0000ce72  _velocity                                 
1     0000ce74  _maxAcceleration                          
1     0000ce76  _oldPosition                              
1     0000ce78  _cbuf                                     
1     0000ce86  _polling_time                             
1     0000ce92  _crc                                      
1     0000ce94  _timeout                                  
1     0000ce96  __lock                                    
1     0000ce98  __unlock                                  
abs   00000100  __STACK_SIZE                              
abs   00000135  _RamfuncsLoadSize                         
abs   00000135  _RamfuncsRunSize                          
abs   00000400  __SYSMEM_SIZE                             
abs   ffffffff  .text                                     
abs   ffffffff  ___TI_pprof_out_hndl                      
abs   ffffffff  ___TI_prof_data_size                      
abs   ffffffff  ___TI_prof_data_start                     
abs   ffffffff  ___binit__                                
abs   ffffffff  ___c_args__                               
abs   ffffffff  ___etext__                                
abs   ffffffff  ___pinit__                                
abs   ffffffff  ___text__                                 
abs   ffffffff  binit                                     
abs   ffffffff  etext                                     
abs   ffffffff  pinit                                     

[448 symbols]
