<?xml version="1.0" encoding="ISO-8859-1" ?>
<link_info>
   <banner>TMS320C2000 Linker PC v18.1.0.LTS</banner>
   <copyright>Copyright (c) 1996-2017 Texas Instruments Incorporated</copyright>
   <link_time>0x5b10b1e8</link_time>
   <link_errors>0x0</link_errors>
   <output_file>SmartWinchDualCore.out</output_file>
   <entry_point>
      <name>code_start</name>
      <address>0x80000</address>
   </entry_point>
   <input_file_list>
      <input_file id="fl-2">
         <path>.\</path>
         <kind>object</kind>
         <file>FM25W256.obj</file>
         <name>FM25W256.obj</name>
      </input_file>
      <input_file id="fl-3">
         <path>.\</path>
         <kind>object</kind>
         <file>ModbusMaster.obj</file>
         <name>ModbusMaster.obj</name>
      </input_file>
      <input_file id="fl-4">
         <path>.\</path>
         <kind>object</kind>
         <file>MotionProfile.obj</file>
         <name>MotionProfile.obj</name>
      </input_file>
      <input_file id="fl-5">
         <path>.\</path>
         <kind>object</kind>
         <file>RoboClaw.obj</file>
         <name>RoboClaw.obj</name>
      </input_file>
      <input_file id="fl-6">
         <path>.\</path>
         <kind>object</kind>
         <file>autonomous_mode.obj</file>
         <name>autonomous_mode.obj</name>
      </input_file>
      <input_file id="fl-7">
         <path>.\</path>
         <kind>object</kind>
         <file>buffered_serial.obj</file>
         <name>buffered_serial.obj</name>
      </input_file>
      <input_file id="fl-8">
         <path>.\</path>
         <kind>object</kind>
         <file>buffered_serial_B.obj</file>
         <name>buffered_serial_B.obj</name>
      </input_file>
      <input_file id="fl-9">
         <path>.\</path>
         <kind>object</kind>
         <file>buffered_serial_C.obj</file>
         <name>buffered_serial_C.obj</name>
      </input_file>
      <input_file id="fl-a">
         <path>.\</path>
         <kind>object</kind>
         <file>buffered_serial_D.obj</file>
         <name>buffered_serial_D.obj</name>
      </input_file>
      <input_file id="fl-b">
         <path>.\</path>
         <kind>object</kind>
         <file>device_init.obj</file>
         <name>device_init.obj</name>
      </input_file>
      <input_file id="fl-c">
         <path>.\</path>
         <kind>object</kind>
         <file>interrupt_handlers.obj</file>
         <name>interrupt_handlers.obj</name>
      </input_file>
      <input_file id="fl-d">
         <path>.\</path>
         <kind>object</kind>
         <file>interwinch_comms.obj</file>
         <name>interwinch_comms.obj</name>
      </input_file>
      <input_file id="fl-e">
         <path>.\</path>
         <kind>object</kind>
         <file>kinematics.obj</file>
         <name>kinematics.obj</name>
      </input_file>
      <input_file id="fl-f">
         <path>.\</path>
         <kind>object</kind>
         <file>main.obj</file>
         <name>main.obj</name>
      </input_file>
      <input_file id="fl-10">
         <path>.\</path>
         <kind>object</kind>
         <file>modbusRTU.obj</file>
         <name>modbusRTU.obj</name>
      </input_file>
      <input_file id="fl-11">
         <path>.\</path>
         <kind>object</kind>
         <file>modbus_regs.obj</file>
         <name>modbus_regs.obj</name>
      </input_file>
      <input_file id="fl-12">
         <path>.\</path>
         <kind>object</kind>
         <file>motion_buffer.obj</file>
         <name>motion_buffer.obj</name>
      </input_file>
      <input_file id="fl-13">
         <path>.\</path>
         <kind>object</kind>
         <file>motor_driver.obj</file>
         <name>motor_driver.obj</name>
      </input_file>
      <input_file id="fl-14">
         <path>.\</path>
         <kind>object</kind>
         <file>safety_routines.obj</file>
         <name>safety_routines.obj</name>
      </input_file>
      <input_file id="fl-15">
         <path>.\</path>
         <kind>object</kind>
         <file>task_scheduler.obj</file>
         <name>task_scheduler.obj</name>
      </input_file>
      <input_file id="fl-16">
         <path>.\DCL\source\</path>
         <kind>object</kind>
         <file>DCL_DF13.obj</file>
         <name>DCL_DF13.obj</name>
      </input_file>
      <input_file id="fl-17">
         <path>.\DCL\source\</path>
         <kind>object</kind>
         <file>DCL_DF22.obj</file>
         <name>DCL_DF22.obj</name>
      </input_file>
      <input_file id="fl-18">
         <path>.\DCL\source\</path>
         <kind>object</kind>
         <file>DCL_DF23.obj</file>
         <name>DCL_DF23.obj</name>
      </input_file>
      <input_file id="fl-19">
         <path>.\DCL\source\</path>
         <kind>object</kind>
         <file>DCL_PI.obj</file>
         <name>DCL_PI.obj</name>
      </input_file>
      <input_file id="fl-1a">
         <path>.\DCL\source\</path>
         <kind>object</kind>
         <file>DCL_PID.obj</file>
         <name>DCL_PID.obj</name>
      </input_file>
      <input_file id="fl-1b">
         <path>.\device\</path>
         <kind>object</kind>
         <file>F2837xD_CodeStartBranch.obj</file>
         <name>F2837xD_CodeStartBranch.obj</name>
      </input_file>
      <input_file id="fl-1c">
         <path>.\device\</path>
         <kind>object</kind>
         <file>device.obj</file>
         <name>device.obj</name>
      </input_file>
      <input_file id="fl-22">
         <kind>object</kind>
         <file>&lt;internal&gt;</file>
         <name>&lt;internal&gt;</name>
      </input_file>
      <input_file id="fl-23">
         <path>..\</path>
         <kind>archive</kind>
         <file>driverlib.lib</file>
         <name>adc.obj</name>
      </input_file>
      <input_file id="fl-24">
         <path>..\</path>
         <kind>archive</kind>
         <file>driverlib.lib</file>
         <name>cputimer.obj</name>
      </input_file>
      <input_file id="fl-25">
         <path>..\</path>
         <kind>archive</kind>
         <file>driverlib.lib</file>
         <name>flash.obj</name>
      </input_file>
      <input_file id="fl-26">
         <path>..\</path>
         <kind>archive</kind>
         <file>driverlib.lib</file>
         <name>gpio.obj</name>
      </input_file>
      <input_file id="fl-27">
         <path>..\</path>
         <kind>archive</kind>
         <file>driverlib.lib</file>
         <name>interrupt.obj</name>
      </input_file>
      <input_file id="fl-28">
         <path>..\</path>
         <kind>archive</kind>
         <file>driverlib.lib</file>
         <name>sci.obj</name>
      </input_file>
      <input_file id="fl-29">
         <path>..\</path>
         <kind>archive</kind>
         <file>driverlib.lib</file>
         <name>spi.obj</name>
      </input_file>
      <input_file id="fl-2a">
         <path>..\</path>
         <kind>archive</kind>
         <file>driverlib.lib</file>
         <name>sysctl.obj</name>
      </input_file>
      <input_file id="fl-2b">
         <path>C:\ti\ccsv7\tools\compiler\ti-cgt-c2000_18.1.0.LTS\lib\</path>
         <kind>archive</kind>
         <file>rts2800_fpu32.lib</file>
         <name>e_powf.c.obj</name>
      </input_file>
      <input_file id="fl-2c">
         <path>C:\ti\ccsv7\tools\compiler\ti-cgt-c2000_18.1.0.LTS\lib\</path>
         <kind>archive</kind>
         <file>rts2800_fpu32.lib</file>
         <name>e_sinhf.c.obj</name>
      </input_file>
      <input_file id="fl-2d">
         <path>C:\ti\ccsv7\tools\compiler\ti-cgt-c2000_18.1.0.LTS\lib\</path>
         <kind>archive</kind>
         <file>rts2800_fpu32.lib</file>
         <name>e_sqrtf.c.obj</name>
      </input_file>
      <input_file id="fl-2e">
         <path>C:\ti\ccsv7\tools\compiler\ti-cgt-c2000_18.1.0.LTS\lib\</path>
         <kind>archive</kind>
         <file>rts2800_fpu32.lib</file>
         <name>s_asinhf.c.obj</name>
      </input_file>
      <input_file id="fl-2f">
         <path>C:\ti\ccsv7\tools\compiler\ti-cgt-c2000_18.1.0.LTS\lib\</path>
         <kind>archive</kind>
         <file>rts2800_fpu32.lib</file>
         <name>s_ceilf.c.obj</name>
      </input_file>
      <input_file id="fl-30">
         <path>C:\ti\ccsv7\tools\compiler\ti-cgt-c2000_18.1.0.LTS\lib\</path>
         <kind>archive</kind>
         <file>rts2800_fpu32.lib</file>
         <name>s_expm1f.c.obj</name>
      </input_file>
      <input_file id="fl-31">
         <path>C:\ti\ccsv7\tools\compiler\ti-cgt-c2000_18.1.0.LTS\lib\</path>
         <kind>archive</kind>
         <file>rts2800_fpu32.lib</file>
         <name>s_floorf.c.obj</name>
      </input_file>
      <input_file id="fl-32">
         <path>C:\ti\ccsv7\tools\compiler\ti-cgt-c2000_18.1.0.LTS\lib\</path>
         <kind>archive</kind>
         <file>rts2800_fpu32.lib</file>
         <name>s_scalbnf.c.obj</name>
      </input_file>
      <input_file id="fl-33">
         <path>C:\ti\ccsv7\tools\compiler\ti-cgt-c2000_18.1.0.LTS\lib\</path>
         <kind>archive</kind>
         <file>rts2800_fpu32.lib</file>
         <name>s_tanf.c.obj</name>
      </input_file>
      <input_file id="fl-34">
         <path>C:\ti\ccsv7\tools\compiler\ti-cgt-c2000_18.1.0.LTS\lib\</path>
         <kind>archive</kind>
         <file>rts2800_fpu32.lib</file>
         <name>boot28.asm.obj</name>
      </input_file>
      <input_file id="fl-35">
         <path>C:\ti\ccsv7\tools\compiler\ti-cgt-c2000_18.1.0.LTS\lib\</path>
         <kind>archive</kind>
         <file>rts2800_fpu32.lib</file>
         <name>fs_div28.asm.obj</name>
      </input_file>
      <input_file id="fl-36">
         <path>C:\ti\ccsv7\tools\compiler\ti-cgt-c2000_18.1.0.LTS\lib\</path>
         <kind>archive</kind>
         <file>rts2800_fpu32.lib</file>
         <name>i_div28.asm.obj</name>
      </input_file>
      <input_file id="fl-37">
         <path>C:\ti\ccsv7\tools\compiler\ti-cgt-c2000_18.1.0.LTS\lib\</path>
         <kind>archive</kind>
         <file>rts2800_fpu32.lib</file>
         <name>l_div28.asm.obj</name>
      </input_file>
      <input_file id="fl-38">
         <path>C:\ti\ccsv7\tools\compiler\ti-cgt-c2000_18.1.0.LTS\lib\</path>
         <kind>archive</kind>
         <file>rts2800_fpu32.lib</file>
         <name>cpy_tbl.c.obj</name>
      </input_file>
      <input_file id="fl-39">
         <path>C:\ti\ccsv7\tools\compiler\ti-cgt-c2000_18.1.0.LTS\lib\</path>
         <kind>archive</kind>
         <file>rts2800_fpu32.lib</file>
         <name>memcpy.c.obj</name>
      </input_file>
      <input_file id="fl-3a">
         <path>C:\ti\ccsv7\tools\compiler\ti-cgt-c2000_18.1.0.LTS\lib\</path>
         <kind>archive</kind>
         <file>rts2800_fpu32.lib</file>
         <name>pre_init.c.obj</name>
      </input_file>
      <input_file id="fl-3b">
         <path>C:\ti\ccsv7\tools\compiler\ti-cgt-c2000_18.1.0.LTS\lib\</path>
         <kind>archive</kind>
         <file>rts2800_fpu32.lib</file>
         <name>startup.c.obj</name>
      </input_file>
      <input_file id="fl-3c">
         <path>C:\ti\ccsv7\tools\compiler\ti-cgt-c2000_18.1.0.LTS\lib\</path>
         <kind>archive</kind>
         <file>rts2800_fpu32.lib</file>
         <name>exit.c.obj</name>
      </input_file>
      <input_file id="fl-3d">
         <path>C:\ti\ccsv7\tools\compiler\ti-cgt-c2000_18.1.0.LTS\lib\</path>
         <kind>archive</kind>
         <file>rts2800_fpu32.lib</file>
         <name>memory.c.obj</name>
      </input_file>
      <input_file id="fl-3e">
         <path>C:\ti\ccsv7\tools\compiler\ti-cgt-c2000_18.1.0.LTS\lib\</path>
         <kind>archive</kind>
         <file>rts2800_fpu32.lib</file>
         <name>_lock.c.obj</name>
      </input_file>
      <input_file id="fl-3f">
         <path>C:\ti\ccsv7\tools\compiler\ti-cgt-c2000_18.1.0.LTS\lib\</path>
         <kind>archive</kind>
         <file>rts2800_fpu32.lib</file>
         <name>args_main.c.obj</name>
      </input_file>
      <input_file id="fl-40">
         <path>C:\ti\ccsv7\tools\compiler\ti-cgt-c2000_18.1.0.LTS\lib\</path>
         <kind>archive</kind>
         <file>rts2800_fpu32.lib</file>
         <name>errno.c.obj</name>
      </input_file>
      <input_file id="fl-41">
         <path>C:\ti\ccsv7\tools\compiler\ti-cgt-c2000_18.1.0.LTS\lib\</path>
         <kind>archive</kind>
         <file>rts2800_fpu32.lib</file>
         <name>k_expf.c.obj</name>
      </input_file>
      <input_file id="fl-42">
         <path>C:\ti\ccsv7\tools\compiler\ti-cgt-c2000_18.1.0.LTS\lib\</path>
         <kind>archive</kind>
         <file>rts2800_fpu32.lib</file>
         <name>s_log1pf.c.obj</name>
      </input_file>
      <input_file id="fl-43">
         <path>C:\ti\ccsv7\tools\compiler\ti-cgt-c2000_18.1.0.LTS\lib\</path>
         <kind>archive</kind>
         <file>rts2800_fpu32.lib</file>
         <name>s_copysignf.c.obj</name>
      </input_file>
      <input_file id="fl-44">
         <path>C:\ti\ccsv7\tools\compiler\ti-cgt-c2000_18.1.0.LTS\lib\</path>
         <kind>archive</kind>
         <file>rts2800_fpu32.lib</file>
         <name>e_expf.c.obj</name>
      </input_file>
      <input_file id="fl-45">
         <path>C:\ti\ccsv7\tools\compiler\ti-cgt-c2000_18.1.0.LTS\lib\</path>
         <kind>archive</kind>
         <file>rts2800_fpu32.lib</file>
         <name>e_logf.c.obj</name>
      </input_file>
      <input_file id="fl-46">
         <path>C:\ti\ccsv7\tools\compiler\ti-cgt-c2000_18.1.0.LTS\lib\</path>
         <kind>archive</kind>
         <file>rts2800_fpu32.lib</file>
         <name>s_cosf.c.obj</name>
      </input_file>
      <input_file id="fl-47">
         <path>C:\ti\ccsv7\tools\compiler\ti-cgt-c2000_18.1.0.LTS\lib\</path>
         <kind>archive</kind>
         <file>rts2800_fpu32.lib</file>
         <name>s_sinf.c.obj</name>
      </input_file>
   </input_file_list>
   <object_component_list>
      <object_component id="oc-cb">
         <name>.cinit</name>
         <load_address>0x82000</load_address>
         <run_address>0x82000</run_address>
         <size>0x2e</size>
         <input_file_ref idref="fl-c"/>
      </object_component>
      <object_component id="oc-104">
         <name>.cinit</name>
         <load_address>0x8202e</load_address>
         <run_address>0x8202e</run_address>
         <size>0x20</size>
         <input_file_ref idref="fl-15"/>
      </object_component>
      <object_component id="oc-aa">
         <name>.cinit</name>
         <load_address>0x8204e</load_address>
         <run_address>0x8204e</run_address>
         <size>0x18</size>
         <input_file_ref idref="fl-7"/>
      </object_component>
      <object_component id="oc-b1">
         <name>.cinit</name>
         <load_address>0x82066</load_address>
         <run_address>0x82066</run_address>
         <size>0x18</size>
         <input_file_ref idref="fl-8"/>
      </object_component>
      <object_component id="oc-b8">
         <name>.cinit</name>
         <load_address>0x8207e</load_address>
         <run_address>0x8207e</run_address>
         <size>0x18</size>
         <input_file_ref idref="fl-9"/>
      </object_component>
      <object_component id="oc-bf">
         <name>.cinit</name>
         <load_address>0x82096</load_address>
         <run_address>0x82096</run_address>
         <size>0x18</size>
         <input_file_ref idref="fl-a"/>
      </object_component>
      <object_component id="oc-e8">
         <name>.cinit</name>
         <load_address>0x820ae</load_address>
         <run_address>0x820ae</run_address>
         <size>0x17</size>
         <input_file_ref idref="fl-10"/>
      </object_component>
      <object_component id="oc-d3">
         <name>.cinit</name>
         <load_address>0x820c5</load_address>
         <run_address>0x820c5</run_address>
         <size>0x13</size>
         <input_file_ref idref="fl-d"/>
      </object_component>
      <object_component id="oc-1bc">
         <name>.cinit</name>
         <load_address>0x820d8</load_address>
         <run_address>0x820d8</run_address>
         <size>0xe</size>
         <input_file_ref idref="fl-3c"/>
      </object_component>
      <object_component id="oc-9c">
         <name>.cinit</name>
         <load_address>0x820e6</load_address>
         <run_address>0x820e6</run_address>
         <size>0x9</size>
         <input_file_ref idref="fl-5"/>
      </object_component>
      <object_component id="oc-a3">
         <name>.cinit</name>
         <load_address>0x820ef</load_address>
         <run_address>0x820ef</run_address>
         <size>0x9</size>
         <input_file_ref idref="fl-6"/>
      </object_component>
      <object_component id="oc-216">
         <name>.cinit:__lock</name>
         <load_address>0x820f8</load_address>
         <run_address>0x820f8</run_address>
         <size>0x5</size>
         <input_file_ref idref="fl-3e"/>
      </object_component>
      <object_component id="oc-224">
         <name>.cinit:__unlock</name>
         <load_address>0x820fd</load_address>
         <run_address>0x820fd</run_address>
         <size>0x5</size>
         <input_file_ref idref="fl-3e"/>
      </object_component>
      <object_component id="oc-e0">
         <name>.cinit</name>
         <load_address>0x82102</load_address>
         <run_address>0x82102</run_address>
         <size>0x5</size>
         <input_file_ref idref="fl-f"/>
      </object_component>
      <object_component id="oc-fd">
         <name>.cinit</name>
         <load_address>0x82107</load_address>
         <run_address>0x82107</run_address>
         <size>0x5</size>
         <input_file_ref idref="fl-14"/>
      </object_component>
      <object_component id="oc-8f">
         <name>.cinit</name>
         <load_address>0x8210c</load_address>
         <run_address>0x8210c</run_address>
         <size>0x4</size>
         <input_file_ref idref="fl-3"/>
      </object_component>
      <object_component id="oc-1d5">
         <name>.cinit</name>
         <load_address>0x82110</load_address>
         <run_address>0x82110</run_address>
         <size>0x4</size>
         <input_file_ref idref="fl-40"/>
      </object_component>
      <object_component id="oc-1c3">
         <name>.cinit</name>
         <load_address>0x82114</load_address>
         <run_address>0x82114</run_address>
         <size>0x4</size>
         <input_file_ref idref="fl-3d"/>
      </object_component>
      <object_component id="oc-217">
         <name>.text</name>
         <load_address>0x8211c</load_address>
         <run_address>0x8211c</run_address>
         <size>0x13eb</size>
         <input_file_ref idref="fl-e"/>
      </object_component>
      <object_component id="oc-20a">
         <name>.text</name>
         <load_address>0x83507</load_address>
         <run_address>0x83507</run_address>
         <size>0x659</size>
         <input_file_ref idref="fl-15"/>
      </object_component>
      <object_component id="oc-222">
         <name>.text</name>
         <load_address>0x83b60</load_address>
         <run_address>0x83b60</run_address>
         <size>0x412</size>
         <input_file_ref idref="fl-10"/>
      </object_component>
      <object_component id="oc-198">
         <name>.text</name>
         <load_address>0x83f72</load_address>
         <run_address>0x83f72</run_address>
         <size>0x88</size>
         <input_file_ref idref="fl-35"/>
      </object_component>
      <object_component id="oc-25e">
         <name>.text:_Interrupt_illegalOperationHandler</name>
         <load_address>0x83ffa</load_address>
         <run_address>0x83ffa</run_address>
         <size>0x2</size>
         <input_file_ref idref="fl-27"/>
      </object_component>
      <object_component id="oc-25d">
         <name>.text:_Interrupt_nmiHandler</name>
         <load_address>0x83ffc</load_address>
         <run_address>0x83ffc</run_address>
         <size>0x2</size>
         <input_file_ref idref="fl-27"/>
      </object_component>
      <object_component id="oc-205">
         <name>.text</name>
         <load_address>0x83ffe</load_address>
         <run_address>0x83ffe</run_address>
         <size>0x2</size>
         <input_file_ref idref="fl-3a"/>
      </object_component>
      <object_component id="oc-20b">
         <name>.text</name>
         <load_address>0x84000</load_address>
         <run_address>0x84000</run_address>
         <size>0xe93</size>
         <input_file_ref idref="fl-5"/>
      </object_component>
      <object_component id="oc-220">
         <name>.text</name>
         <load_address>0x84e93</load_address>
         <run_address>0x84e93</run_address>
         <size>0xb7f</size>
         <input_file_ref idref="fl-b"/>
      </object_component>
      <object_component id="oc-22b">
         <name>.text</name>
         <load_address>0x85a12</load_address>
         <run_address>0x85a12</run_address>
         <size>0x5b7</size>
         <input_file_ref idref="fl-3"/>
      </object_component>
      <object_component id="oc-20f">
         <name>.text:_Interrupt_enable</name>
         <load_address>0x85fc9</load_address>
         <run_address>0x85fc9</run_address>
         <size>0x33</size>
         <input_file_ref idref="fl-27"/>
      </object_component>
      <object_component id="oc-207">
         <name>.text</name>
         <load_address>0x85ffc</load_address>
         <run_address>0x85ffc</run_address>
         <size>0x1</size>
         <input_file_ref idref="fl-3b"/>
      </object_component>
      <object_component id="oc-225">
         <name>.text</name>
         <load_address>0x86138</load_address>
         <run_address>0x86138</run_address>
         <size>0x380</size>
         <input_file_ref idref="fl-2b"/>
      </object_component>
      <object_component id="oc-20c">
         <name>.text</name>
         <load_address>0x864b8</load_address>
         <run_address>0x864b8</run_address>
         <size>0x2a8</size>
         <input_file_ref idref="fl-4"/>
      </object_component>
      <object_component id="oc-21f">
         <name>.text:_SysCtl_setClock</name>
         <load_address>0x86760</load_address>
         <run_address>0x86760</run_address>
         <size>0x221</size>
         <input_file_ref idref="fl-2a"/>
      </object_component>
      <object_component id="oc-cd">
         <name>.text:retain</name>
         <load_address>0x86981</load_address>
         <run_address>0x86981</run_address>
         <size>0x21d</size>
         <input_file_ref idref="fl-c"/>
      </object_component>
      <object_component id="oc-211">
         <name>.text</name>
         <load_address>0x86b9e</load_address>
         <run_address>0x86b9e</run_address>
         <size>0x1cb</size>
         <input_file_ref idref="fl-1c"/>
      </object_component>
      <object_component id="oc-255">
         <name>.text</name>
         <load_address>0x86d69</load_address>
         <run_address>0x86d69</run_address>
         <size>0x174</size>
         <input_file_ref idref="fl-42"/>
      </object_component>
      <object_component id="oc-254">
         <name>.text</name>
         <load_address>0x86edd</load_address>
         <run_address>0x86edd</run_address>
         <size>0x165</size>
         <input_file_ref idref="fl-30"/>
      </object_component>
      <object_component id="oc-256">
         <name>.text</name>
         <load_address>0x87042</load_address>
         <run_address>0x87042</run_address>
         <size>0x12b</size>
         <input_file_ref idref="fl-45"/>
      </object_component>
      <object_component id="oc-1ff">
         <name>.text</name>
         <load_address>0x8716d</load_address>
         <run_address>0x8716d</run_address>
         <size>0x11f</size>
         <input_file_ref idref="fl-c"/>
      </object_component>
      <object_component id="oc-251">
         <name>.text</name>
         <load_address>0x8728c</load_address>
         <run_address>0x8728c</run_address>
         <size>0x110</size>
         <input_file_ref idref="fl-44"/>
      </object_component>
      <object_component id="oc-219">
         <name>.text</name>
         <load_address>0x8739c</load_address>
         <run_address>0x8739c</run_address>
         <size>0xf2</size>
         <input_file_ref idref="fl-d"/>
      </object_component>
      <object_component id="oc-21a">
         <name>.text</name>
         <load_address>0x8748e</load_address>
         <run_address>0x8748e</run_address>
         <size>0xf2</size>
         <input_file_ref idref="fl-14"/>
      </object_component>
      <object_component id="oc-218">
         <name>.text</name>
         <load_address>0x87580</load_address>
         <run_address>0x87580</run_address>
         <size>0xed</size>
         <input_file_ref idref="fl-6"/>
      </object_component>
      <object_component id="oc-214">
         <name>.text</name>
         <load_address>0x8766d</load_address>
         <run_address>0x8766d</run_address>
         <size>0xea</size>
         <input_file_ref idref="fl-f"/>
      </object_component>
      <object_component id="oc-202">
         <name>.text</name>
         <load_address>0x87757</load_address>
         <run_address>0x87757</run_address>
         <size>0xd4</size>
         <input_file_ref idref="fl-8"/>
      </object_component>
      <object_component id="oc-200">
         <name>.text</name>
         <load_address>0x8782b</load_address>
         <run_address>0x8782b</run_address>
         <size>0xd2</size>
         <input_file_ref idref="fl-7"/>
      </object_component>
      <object_component id="oc-203">
         <name>.text</name>
         <load_address>0x878fd</load_address>
         <run_address>0x878fd</run_address>
         <size>0xcd</size>
         <input_file_ref idref="fl-9"/>
      </object_component>
      <object_component id="oc-204">
         <name>.text</name>
         <load_address>0x879ca</load_address>
         <run_address>0x879ca</run_address>
         <size>0xcd</size>
         <input_file_ref idref="fl-a"/>
      </object_component>
      <object_component id="oc-252">
         <name>.text</name>
         <load_address>0x87a97</load_address>
         <run_address>0x87a97</run_address>
         <size>0xba</size>
         <input_file_ref idref="fl-41"/>
      </object_component>
      <object_component id="oc-242">
         <name>.text:_ADC_setMode</name>
         <load_address>0x87b51</load_address>
         <run_address>0x87b51</run_address>
         <size>0x9a</size>
         <input_file_ref idref="fl-23"/>
      </object_component>
      <object_component id="oc-21c">
         <name>.text:_Interrupt_clearIFR</name>
         <load_address>0x87beb</load_address>
         <run_address>0x87beb</run_address>
         <size>0x85</size>
         <input_file_ref idref="fl-27"/>
      </object_component>
      <object_component id="oc-228">
         <name>.text</name>
         <load_address>0x87c70</load_address>
         <run_address>0x87c70</run_address>
         <size>0x7f</size>
         <input_file_ref idref="fl-2c"/>
      </object_component>
      <object_component id="oc-229">
         <name>.text</name>
         <load_address>0x87cef</load_address>
         <run_address>0x87cef</run_address>
         <size>0x74</size>
         <input_file_ref idref="fl-2e"/>
      </object_component>
      <object_component id="oc-262">
         <name>.text</name>
         <load_address>0x87d63</load_address>
         <run_address>0x87d63</run_address>
         <size>0x61</size>
         <input_file_ref idref="fl-46"/>
      </object_component>
      <object_component id="oc-22a">
         <name>.text</name>
         <load_address>0x87dc4</load_address>
         <run_address>0x87dc4</run_address>
         <size>0x61</size>
         <input_file_ref idref="fl-33"/>
      </object_component>
      <object_component id="oc-244">
         <name>.text:_SPI_setConfig</name>
         <load_address>0x87e25</load_address>
         <run_address>0x87e25</run_address>
         <size>0x5c</size>
         <input_file_ref idref="fl-29"/>
      </object_component>
      <object_component id="oc-263">
         <name>.text</name>
         <load_address>0x87e81</load_address>
         <run_address>0x87e81</run_address>
         <size>0x58</size>
         <input_file_ref idref="fl-47"/>
      </object_component>
      <object_component id="oc-226">
         <name>.text</name>
         <load_address>0x87ed9</load_address>
         <run_address>0x87ed9</run_address>
         <size>0x57</size>
         <input_file_ref idref="fl-31"/>
      </object_component>
      <object_component id="oc-250">
         <name>.text</name>
         <load_address>0x87f30</load_address>
         <run_address>0x87f30</run_address>
         <size>0x57</size>
         <input_file_ref idref="fl-32"/>
      </object_component>
      <object_component id="oc-191">
         <name>.text</name>
         <load_address>0x87f87</load_address>
         <run_address>0x87f87</run_address>
         <size>0x56</size>
         <input_file_ref idref="fl-34"/>
      </object_component>
      <object_component id="oc-247">
         <name>.text:_SCI_isFIFOEnabled</name>
         <load_address>0x87fdd</load_address>
         <run_address>0x87fdd</run_address>
         <size>0x22</size>
         <input_file_ref idref="fl-28"/>
      </object_component>
      <object_component id="oc-227">
         <name>.text</name>
         <load_address>0x88000</load_address>
         <run_address>0x88000</run_address>
         <size>0x56</size>
         <input_file_ref idref="fl-2f"/>
      </object_component>
      <object_component id="oc-245">
         <name>.text:_Interrupt_initModule</name>
         <load_address>0x88056</load_address>
         <run_address>0x88056</run_address>
         <size>0x54</size>
         <input_file_ref idref="fl-27"/>
      </object_component>
      <object_component id="oc-22c">
         <name>.text:_GPIO_setPadConfig</name>
         <load_address>0x880aa</load_address>
         <run_address>0x880aa</run_address>
         <size>0x52</size>
         <input_file_ref idref="fl-26"/>
      </object_component>
      <object_component id="oc-23a">
         <name>.text:_SysCtl_selectOscSource</name>
         <load_address>0x880fc</load_address>
         <run_address>0x880fc</run_address>
         <size>0x4d</size>
         <input_file_ref idref="fl-2a"/>
      </object_component>
      <object_component id="oc-20e">
         <name>.text:_Interrupt_disable</name>
         <load_address>0x88149</load_address>
         <run_address>0x88149</run_address>
         <size>0x4a</size>
         <input_file_ref idref="fl-27"/>
      </object_component>
      <object_component id="oc-20d">
         <name>.text</name>
         <load_address>0x88193</load_address>
         <run_address>0x88193</run_address>
         <size>0x49</size>
         <input_file_ref idref="fl-13"/>
      </object_component>
      <object_component id="oc-201">
         <name>.text:_SCI_clearInterruptStatus</name>
         <load_address>0x881dc</load_address>
         <run_address>0x881dc</run_address>
         <size>0x46</size>
         <input_file_ref idref="fl-28"/>
      </object_component>
      <object_component id="oc-241">
         <name>.text:_SCI_disableInterrupt</name>
         <load_address>0x88222</load_address>
         <run_address>0x88222</run_address>
         <size>0x46</size>
         <input_file_ref idref="fl-28"/>
      </object_component>
      <object_component id="oc-240">
         <name>.text:_SCI_enableInterrupt</name>
         <load_address>0x88268</load_address>
         <run_address>0x88268</run_address>
         <size>0x44</size>
         <input_file_ref idref="fl-28"/>
      </object_component>
      <object_component id="oc-221">
         <name>.text:_SCI_writeCharArray</name>
         <load_address>0x882ac</load_address>
         <run_address>0x882ac</run_address>
         <size>0x41</size>
         <input_file_ref idref="fl-28"/>
      </object_component>
      <object_component id="oc-23f">
         <name>.text:_SCI_setConfig</name>
         <load_address>0x882ed</load_address>
         <run_address>0x882ed</run_address>
         <size>0x40</size>
         <input_file_ref idref="fl-28"/>
      </object_component>
      <object_component id="oc-23c">
         <name>.text:_GPIO_setPinConfig</name>
         <load_address>0x8832d</load_address>
         <run_address>0x8832d</run_address>
         <size>0x3d</size>
         <input_file_ref idref="fl-26"/>
      </object_component>
      <object_component id="oc-23d">
         <name>.text:_GPIO_setMasterCore</name>
         <load_address>0x8836a</load_address>
         <run_address>0x8836a</run_address>
         <size>0x38</size>
         <input_file_ref idref="fl-26"/>
      </object_component>
      <object_component id="oc-23e">
         <name>.text:_GPIO_setQualificationMode</name>
         <load_address>0x883a2</load_address>
         <run_address>0x883a2</run_address>
         <size>0x38</size>
         <input_file_ref idref="fl-26"/>
      </object_component>
      <object_component id="oc-22d">
         <name>.text:_GPIO_setDirectionMode</name>
         <load_address>0x883da</load_address>
         <run_address>0x883da</run_address>
         <size>0x31</size>
         <input_file_ref idref="fl-26"/>
      </object_component>
      <object_component id="oc-1a2">
         <name>.text</name>
         <load_address>0x8840b</load_address>
         <run_address>0x8840b</run_address>
         <size>0x2a</size>
         <input_file_ref idref="fl-37"/>
      </object_component>
      <object_component id="oc-230">
         <name>.text:_Flash_setBankPowerUpDelay</name>
         <load_address>0x88435</load_address>
         <run_address>0x88435</run_address>
         <size>0x29</size>
         <input_file_ref idref="fl-25"/>
      </object_component>
      <object_component id="oc-209">
         <name>.text</name>
         <load_address>0x8845e</load_address>
         <run_address>0x8845e</run_address>
         <size>0x29</size>
         <input_file_ref idref="fl-3c"/>
      </object_component>
      <object_component id="oc-24c">
         <name>.text</name>
         <load_address>0x88488</load_address>
         <run_address>0x88488</run_address>
         <size>0x26</size>
         <input_file_ref idref="fl-2d"/>
      </object_component>
      <object_component id="oc-206">
         <name>.text</name>
         <load_address>0x884ae</load_address>
         <run_address>0x884ae</run_address>
         <size>0x24</size>
         <input_file_ref idref="fl-38"/>
      </object_component>
      <object_component id="oc-19d">
         <name>.text</name>
         <load_address>0x884d2</load_address>
         <run_address>0x884d2</run_address>
         <size>0x22</size>
         <input_file_ref idref="fl-36"/>
      </object_component>
      <object_component id="oc-246">
         <name>.text:_Interrupt_initVectorTable</name>
         <load_address>0x884f4</load_address>
         <run_address>0x884f4</run_address>
         <size>0x20</size>
         <input_file_ref idref="fl-27"/>
      </object_component>
      <object_component id="oc-210">
         <name>.text:_SCI_isBaseValid</name>
         <load_address>0x88514</load_address>
         <run_address>0x88514</run_address>
         <size>0x1f</size>
         <input_file_ref idref="fl-28"/>
      </object_component>
      <object_component id="oc-213">
         <name>.text</name>
         <load_address>0x88533</load_address>
         <run_address>0x88533</run_address>
         <size>0x1e</size>
         <input_file_ref idref="fl-39"/>
      </object_component>
      <object_component id="oc-249">
         <name>.text:_SCI_isSpaceAvailableNonFIFO</name>
         <load_address>0x88551</load_address>
         <run_address>0x88551</run_address>
         <size>0x1b</size>
         <input_file_ref idref="fl-28"/>
      </object_component>
      <object_component id="oc-25a">
         <name>.text:_CPUTimer_isBaseValid</name>
         <load_address>0x8856c</load_address>
         <run_address>0x8856c</run_address>
         <size>0x1a</size>
         <input_file_ref idref="fl-24"/>
      </object_component>
      <object_component id="oc-25b">
         <name>.text:_SPI_isBaseValid</name>
         <load_address>0x88586</load_address>
         <run_address>0x88586</run_address>
         <size>0x1a</size>
         <input_file_ref idref="fl-29"/>
      </object_component>
      <object_component id="oc-258">
         <name>.text:_SCI_disableModule</name>
         <load_address>0x885a0</load_address>
         <run_address>0x885a0</run_address>
         <size>0x19</size>
         <input_file_ref idref="fl-28"/>
      </object_component>
      <object_component id="oc-212">
         <name>.text:_SCI_performSoftwareReset</name>
         <load_address>0x885b9</load_address>
         <run_address>0x885b9</run_address>
         <size>0x19</size>
         <input_file_ref idref="fl-28"/>
      </object_component>
      <object_component id="oc-208">
         <name>.text</name>
         <load_address>0x885d2</load_address>
         <run_address>0x885d2</run_address>
         <size>0x19</size>
         <input_file_ref idref="fl-3f"/>
      </object_component>
      <object_component id="oc-248">
         <name>.text:_SCI_getTxFIFOStatus</name>
         <load_address>0x885eb</load_address>
         <run_address>0x885eb</run_address>
         <size>0x15</size>
         <input_file_ref idref="fl-28"/>
      </object_component>
      <object_component id="oc-259">
         <name>.text:_SCI_enableModule</name>
         <load_address>0x88600</load_address>
         <run_address>0x88600</run_address>
         <size>0x14</size>
         <input_file_ref idref="fl-28"/>
      </object_component>
      <object_component id="oc-243">
         <name>.text:_CPUTimer_setEmulationMode</name>
         <load_address>0x88614</load_address>
         <run_address>0x88614</run_address>
         <size>0x13</size>
         <input_file_ref idref="fl-24"/>
      </object_component>
      <object_component id="oc-253">
         <name>.text</name>
         <load_address>0x88627</load_address>
         <run_address>0x88627</run_address>
         <size>0x11</size>
         <input_file_ref idref="fl-43"/>
      </object_component>
      <object_component id="oc-22e">
         <name>.text:_Flash_isCtrlBaseValid</name>
         <load_address>0x88638</load_address>
         <run_address>0x88638</run_address>
         <size>0x10</size>
         <input_file_ref idref="fl-25"/>
      </object_component>
      <object_component id="oc-22f">
         <name>.text:_Flash_isECCBaseValid</name>
         <load_address>0x88648</load_address>
         <run_address>0x88648</run_address>
         <size>0x10</size>
         <input_file_ref idref="fl-25"/>
      </object_component>
      <object_component id="oc-257">
         <name>.text:_GPIO_isPinValid</name>
         <load_address>0x88658</load_address>
         <run_address>0x88658</run_address>
         <size>0xe</size>
         <input_file_ref idref="fl-26"/>
      </object_component>
      <object_component id="oc-25c">
         <name>.text:_Interrupt_defaultHandler</name>
         <load_address>0x88666</load_address>
         <run_address>0x88666</run_address>
         <size>0xe</size>
         <input_file_ref idref="fl-27"/>
      </object_component>
      <object_component id="oc-21b">
         <name>.text:_Interrupt_disableMaster</name>
         <load_address>0x88674</load_address>
         <run_address>0x88674</run_address>
         <size>0xd</size>
         <input_file_ref idref="fl-27"/>
      </object_component>
      <object_component id="oc-21d">
         <name>.text:_Interrupt_enableMaster</name>
         <load_address>0x88681</load_address>
         <run_address>0x88681</run_address>
         <size>0xd</size>
         <input_file_ref idref="fl-27"/>
      </object_component>
      <object_component id="oc-239">
         <name>.text:_SysCtl_isMCDClockFailureDetected</name>
         <load_address>0x8868e</load_address>
         <run_address>0x8868e</run_address>
         <size>0xb</size>
         <input_file_ref idref="fl-2a"/>
      </object_component>
      <object_component id="oc-23b">
         <name>.text:_SysCtl_serviceWatchdog</name>
         <load_address>0x88699</load_address>
         <run_address>0x88699</run_address>
         <size>0x9</size>
         <input_file_ref idref="fl-2a"/>
      </object_component>
      <object_component id="oc-223">
         <name>.text</name>
         <load_address>0x886a2</load_address>
         <run_address>0x886a2</run_address>
         <size>0x9</size>
         <input_file_ref idref="fl-3e"/>
      </object_component>
      <object_component id="oc-88">
         <name>codestart</name>
         <load_address>0x80000</load_address>
         <run_address>0x80000</run_address>
         <size>0x2</size>
         <input_file_ref idref="fl-1b"/>
      </object_component>
      <object_component id="oc-192">
         <name>.stack</name>
         <uninitialized>true</uninitialized>
         <run_address>0x400</run_address>
         <size>0x0</size>
         <input_file_ref idref="fl-34"/>
      </object_component>
      <object_component id="oc-2f1">
         <name>.stack</name>
         <uninitialized>true</uninitialized>
         <run_address>0x400</run_address>
         <size>0x0</size>
      </object_component>
      <object_component id="oc-b2">
         <name>.ebss</name>
         <uninitialized>true</uninitialized>
         <run_address>0xac00</run_address>
         <size>0x23f</size>
         <input_file_ref idref="fl-8"/>
      </object_component>
      <object_component id="oc-1d6">
         <name>.ebss</name>
         <uninitialized>true</uninitialized>
         <run_address>0xae3f</run_address>
         <size>0x1</size>
         <input_file_ref idref="fl-40"/>
      </object_component>
      <object_component id="oc-90">
         <name>.ebss</name>
         <uninitialized>true</uninitialized>
         <run_address>0xae40</run_address>
         <size>0xc0</size>
         <input_file_ref idref="fl-3"/>
      </object_component>
      <object_component id="oc-e1">
         <name>.ebss</name>
         <uninitialized>true</uninitialized>
         <run_address>0xaf00</run_address>
         <size>0xc0</size>
         <input_file_ref idref="fl-f"/>
      </object_component>
      <object_component id="oc-da">
         <name>.ebss</name>
         <uninitialized>true</uninitialized>
         <run_address>0xafc0</run_address>
         <size>0x3a</size>
         <input_file_ref idref="fl-e"/>
      </object_component>
      <object_component id="oc-1bd">
         <name>.ebss</name>
         <uninitialized>true</uninitialized>
         <run_address>0xaffa</run_address>
         <size>0x6</size>
         <input_file_ref idref="fl-3c"/>
      </object_component>
      <object_component id="oc-ef">
         <name>.ebss</name>
         <uninitialized>true</uninitialized>
         <run_address>0xc000</run_address>
         <size>0x800</size>
         <input_file_ref idref="fl-11"/>
      </object_component>
      <object_component id="oc-b9">
         <name>.ebss</name>
         <uninitialized>true</uninitialized>
         <run_address>0xc800</run_address>
         <size>0x23f</size>
         <input_file_ref idref="fl-9"/>
      </object_component>
      <object_component id="oc-c0">
         <name>.ebss</name>
         <uninitialized>true</uninitialized>
         <run_address>0xca40</run_address>
         <size>0x23f</size>
         <input_file_ref idref="fl-a"/>
      </object_component>
      <object_component id="oc-e9">
         <name>.ebss</name>
         <uninitialized>true</uninitialized>
         <run_address>0xcc80</run_address>
         <size>0xc0</size>
         <input_file_ref idref="fl-10"/>
      </object_component>
      <object_component id="oc-ab">
         <name>.ebss</name>
         <uninitialized>true</uninitialized>
         <run_address>0xcd40</run_address>
         <size>0xbf</size>
         <input_file_ref idref="fl-7"/>
      </object_component>
      <object_component id="oc-105">
         <name>.ebss</name>
         <uninitialized>true</uninitialized>
         <run_address>0xce00</run_address>
         <size>0x34</size>
         <input_file_ref idref="fl-15"/>
      </object_component>
      <object_component id="oc-a4">
         <name>.ebss</name>
         <uninitialized>true</uninitialized>
         <run_address>0xce34</run_address>
         <size>0xc</size>
         <input_file_ref idref="fl-6"/>
      </object_component>
      <object_component id="oc-cc">
         <name>.ebss</name>
         <uninitialized>true</uninitialized>
         <run_address>0xce40</run_address>
         <size>0x22</size>
         <input_file_ref idref="fl-c"/>
      </object_component>
      <object_component id="oc-96">
         <name>.ebss</name>
         <uninitialized>true</uninitialized>
         <run_address>0xce62</run_address>
         <size>0x16</size>
         <input_file_ref idref="fl-4"/>
      </object_component>
      <object_component id="oc-f2">
         <name>.ebss</name>
         <uninitialized>true</uninitialized>
         <run_address>0xce78</run_address>
         <size>0x8</size>
         <input_file_ref idref="fl-12"/>
      </object_component>
      <object_component id="oc-d4">
         <name>.ebss</name>
         <uninitialized>true</uninitialized>
         <run_address>0xce80</run_address>
         <size>0xa</size>
         <input_file_ref idref="fl-d"/>
      </object_component>
      <object_component id="oc-1c4">
         <name>.ebss</name>
         <uninitialized>true</uninitialized>
         <run_address>0xce8a</run_address>
         <size>0x8</size>
         <input_file_ref idref="fl-3d"/>
      </object_component>
      <object_component id="oc-9d">
         <name>.ebss</name>
         <uninitialized>true</uninitialized>
         <run_address>0xce92</run_address>
         <size>0x4</size>
         <input_file_ref idref="fl-5"/>
      </object_component>
      <object_component id="oc-215">
         <name>.ebss:__lock</name>
         <uninitialized>true</uninitialized>
         <run_address>0xce96</run_address>
         <size>0x2</size>
         <input_file_ref idref="fl-3e"/>
      </object_component>
      <object_component id="oc-24b">
         <name>.ebss:__unlock</name>
         <uninitialized>true</uninitialized>
         <run_address>0xce98</run_address>
         <size>0x2</size>
         <input_file_ref idref="fl-3e"/>
      </object_component>
      <object_component id="oc-fe">
         <name>.ebss</name>
         <uninitialized>true</uninitialized>
         <run_address>0xce9a</run_address>
         <size>0x2</size>
         <input_file_ref idref="fl-14"/>
      </object_component>
      <object_component id="oc-1c5">
         <name>.esysmem</name>
         <uninitialized>true</uninitialized>
         <run_address>0xa800</run_address>
         <size>0x1</size>
         <input_file_ref idref="fl-3d"/>
      </object_component>
      <object_component id="oc-2f2">
         <name>.esysmem</name>
         <uninitialized>true</uninitialized>
         <run_address>0xa800</run_address>
         <size>0x0</size>
      </object_component>
      <object_component id="oc-10a">
         <name>dclfuncs</name>
         <load_address>0x80002</load_address>
         <run_address>0x80002</run_address>
         <size>0xaf</size>
         <input_file_ref idref="fl-16"/>
      </object_component>
      <object_component id="oc-114">
         <name>dclfuncs</name>
         <load_address>0x800b1</load_address>
         <run_address>0x800b1</run_address>
         <size>0x9d</size>
         <input_file_ref idref="fl-18"/>
      </object_component>
      <object_component id="oc-10f">
         <name>dclfuncs</name>
         <load_address>0x8014e</load_address>
         <run_address>0x8014e</run_address>
         <size>0x79</size>
         <input_file_ref idref="fl-17"/>
      </object_component>
      <object_component id="oc-11e">
         <name>dclfuncs</name>
         <load_address>0x801c7</load_address>
         <run_address>0x801c7</run_address>
         <size>0x67</size>
         <input_file_ref idref="fl-1a"/>
      </object_component>
      <object_component id="oc-119">
         <name>dclfuncs</name>
         <load_address>0x8022e</load_address>
         <run_address>0x8022e</run_address>
         <size>0x3a</size>
         <input_file_ref idref="fl-19"/>
      </object_component>
      <object_component id="oc-139">
         <name>.econst:.string</name>
         <load_address>0x90000</load_address>
         <run_address>0x90000</run_address>
         <size>0xcb</size>
         <input_file_ref idref="fl-25"/>
      </object_component>
      <object_component id="oc-13f">
         <name>.econst:.string</name>
         <load_address>0x900cc</load_address>
         <run_address>0x900cc</run_address>
         <size>0xc8</size>
         <input_file_ref idref="fl-26"/>
      </object_component>
      <object_component id="oc-14b">
         <name>.econst:.string</name>
         <load_address>0x90194</load_address>
         <run_address>0x90194</run_address>
         <size>0xc7</size>
         <input_file_ref idref="fl-28"/>
      </object_component>
      <object_component id="oc-145">
         <name>.econst:.string</name>
         <load_address>0x9025c</load_address>
         <run_address>0x9025c</run_address>
         <size>0x69</size>
         <input_file_ref idref="fl-27"/>
      </object_component>
      <object_component id="oc-133">
         <name>.econst:.string</name>
         <load_address>0x902c6</load_address>
         <run_address>0x902c6</run_address>
         <size>0x68</size>
         <input_file_ref idref="fl-24"/>
      </object_component>
      <object_component id="oc-158">
         <name>.econst:.string</name>
         <load_address>0x9032e</load_address>
         <run_address>0x9032e</run_address>
         <size>0x66</size>
         <input_file_ref idref="fl-2a"/>
      </object_component>
      <object_component id="oc-12d">
         <name>.econst:.string</name>
         <load_address>0x90394</load_address>
         <run_address>0x90394</run_address>
         <size>0x63</size>
         <input_file_ref idref="fl-23"/>
      </object_component>
      <object_component id="oc-151">
         <name>.econst:.string</name>
         <load_address>0x903f8</load_address>
         <run_address>0x903f8</run_address>
         <size>0x63</size>
         <input_file_ref idref="fl-29"/>
      </object_component>
      <object_component id="oc-e2">
         <name>.econst:.string</name>
         <load_address>0x9045c</load_address>
         <run_address>0x9045c</run_address>
         <size>0x33</size>
         <input_file_ref idref="fl-f"/>
      </object_component>
      <object_component id="oc-15e">
         <name>.econst</name>
         <load_address>0x90490</load_address>
         <run_address>0x90490</run_address>
         <size>0x32</size>
         <input_file_ref idref="fl-2b"/>
      </object_component>
      <object_component id="oc-1df">
         <name>.econst</name>
         <load_address>0x904c2</load_address>
         <run_address>0x904c2</run_address>
         <size>0x16</size>
         <input_file_ref idref="fl-42"/>
      </object_component>
      <object_component id="oc-1ea">
         <name>.econst</name>
         <load_address>0x904d8</load_address>
         <run_address>0x904d8</run_address>
         <size>0x10</size>
         <input_file_ref idref="fl-44"/>
      </object_component>
      <object_component id="oc-1f0">
         <name>.econst</name>
         <load_address>0x904e8</load_address>
         <run_address>0x904e8</run_address>
         <size>0x10</size>
         <input_file_ref idref="fl-45"/>
      </object_component>
      <object_component id="oc-17b">
         <name>.econst</name>
         <load_address>0x904f8</load_address>
         <run_address>0x904f8</run_address>
         <size>0x10</size>
         <input_file_ref idref="fl-30"/>
      </object_component>
      <object_component id="oc-16f">
         <name>.econst</name>
         <load_address>0x90508</load_address>
         <run_address>0x90508</run_address>
         <size>0x6</size>
         <input_file_ref idref="fl-2e"/>
      </object_component>
      <object_component id="oc-187">
         <name>.econst</name>
         <load_address>0x9050e</load_address>
         <run_address>0x9050e</run_address>
         <size>0x6</size>
         <input_file_ref idref="fl-32"/>
      </object_component>
      <object_component id="oc-24d">
         <name>.econst:_bp</name>
         <load_address>0x90514</load_address>
         <run_address>0x90514</run_address>
         <size>0x4</size>
         <input_file_ref idref="fl-2b"/>
      </object_component>
      <object_component id="oc-24e">
         <name>.econst:_dp_h</name>
         <load_address>0x90518</load_address>
         <run_address>0x90518</run_address>
         <size>0x4</size>
         <input_file_ref idref="fl-2b"/>
      </object_component>
      <object_component id="oc-24f">
         <name>.econst:_dp_l</name>
         <load_address>0x9051c</load_address>
         <run_address>0x9051c</run_address>
         <size>0x4</size>
         <input_file_ref idref="fl-2b"/>
      </object_component>
      <object_component id="oc-25f">
         <name>.econst:_halF</name>
         <load_address>0x90520</load_address>
         <run_address>0x90520</run_address>
         <size>0x4</size>
         <input_file_ref idref="fl-44"/>
      </object_component>
      <object_component id="oc-260">
         <name>.econst:_ln2HI</name>
         <load_address>0x90524</load_address>
         <run_address>0x90524</run_address>
         <size>0x4</size>
         <input_file_ref idref="fl-44"/>
      </object_component>
      <object_component id="oc-261">
         <name>.econst:_ln2LO</name>
         <load_address>0x90528</load_address>
         <run_address>0x90528</run_address>
         <size>0x4</size>
         <input_file_ref idref="fl-44"/>
      </object_component>
      <object_component id="oc-164">
         <name>.econst</name>
         <load_address>0x9052c</load_address>
         <run_address>0x9052c</run_address>
         <size>0x4</size>
         <input_file_ref idref="fl-2c"/>
      </object_component>
      <object_component id="oc-24a">
         <name>.econst:.string:_fsupported</name>
         <load_address>0x90530</load_address>
         <run_address>0x90530</run_address>
         <size>0x3</size>
         <input_file_ref idref="fl-10"/>
      </object_component>
      <object_component id="oc-1d9">
         <name>.econst</name>
         <load_address>0x90534</load_address>
         <run_address>0x90534</run_address>
         <size>0x2</size>
         <input_file_ref idref="fl-41"/>
      </object_component>
      <object_component id="oc-175">
         <name>.econst</name>
         <load_address>0x90536</load_address>
         <run_address>0x90536</run_address>
         <size>0x2</size>
         <input_file_ref idref="fl-2f"/>
      </object_component>
      <object_component id="oc-181">
         <name>.econst</name>
         <load_address>0x90538</load_address>
         <run_address>0x90538</run_address>
         <size>0x2</size>
         <input_file_ref idref="fl-31"/>
      </object_component>
      <object_component id="oc-193">
         <name>.reset</name>
         <load_address>0x3fffc0</load_address>
         <run_address>0x3fffc0</run_address>
         <size>0x2</size>
         <input_file_ref idref="fl-34"/>
      </object_component>
      <object_component id="oc-21e">
         <name>.TI.ramfunc:_Flash_initModule</name>
         <load_address>0x86000</load_address>
         <run_address>0x8000</run_address>
         <size>0x43</size>
         <input_file_ref idref="fl-25"/>
      </object_component>
      <object_component id="oc-231">
         <name>.TI.ramfunc:_Flash_setBankPowerMode</name>
         <load_address>0x86043</load_address>
         <run_address>0x8043</run_address>
         <size>0x32</size>
         <input_file_ref idref="fl-25"/>
      </object_component>
      <object_component id="oc-235">
         <name>.TI.ramfunc:_Flash_setWaitstates</name>
         <load_address>0x86075</load_address>
         <run_address>0x8075</run_address>
         <size>0x26</size>
         <input_file_ref idref="fl-25"/>
      </object_component>
      <object_component id="oc-232">
         <name>.TI.ramfunc:_Flash_setPumpPowerMode</name>
         <load_address>0x8609b</load_address>
         <run_address>0x809b</run_address>
         <size>0x1f</size>
         <input_file_ref idref="fl-25"/>
      </object_component>
      <object_component id="oc-233">
         <name>.TI.ramfunc:_Flash_disableCache</name>
         <load_address>0x860ba</load_address>
         <run_address>0x80ba</run_address>
         <size>0x18</size>
         <input_file_ref idref="fl-25"/>
      </object_component>
      <object_component id="oc-234">
         <name>.TI.ramfunc:_Flash_disablePrefetch</name>
         <load_address>0x860d2</load_address>
         <run_address>0x80d2</run_address>
         <size>0x18</size>
         <input_file_ref idref="fl-25"/>
      </object_component>
      <object_component id="oc-236">
         <name>.TI.ramfunc:_Flash_enableCache</name>
         <load_address>0x860ea</load_address>
         <run_address>0x80ea</run_address>
         <size>0x18</size>
         <input_file_ref idref="fl-25"/>
      </object_component>
      <object_component id="oc-237">
         <name>.TI.ramfunc:_Flash_enablePrefetch</name>
         <load_address>0x86102</load_address>
         <run_address>0x8102</run_address>
         <size>0x18</size>
         <input_file_ref idref="fl-25"/>
      </object_component>
      <object_component id="oc-238">
         <name>.TI.ramfunc:_Flash_enableECC</name>
         <load_address>0x8611a</load_address>
         <run_address>0x811a</run_address>
         <size>0x17</size>
         <input_file_ref idref="fl-25"/>
      </object_component>
      <object_component id="oc-157">
         <name>.TI.ramfunc</name>
         <load_address>0x86131</load_address>
         <run_address>0x8131</run_address>
         <size>0x4</size>
         <input_file_ref idref="fl-2a"/>
      </object_component>
      <object_component id="oc-89">
         <name>.debug_info</name>
         <load_address>0x0</load_address>
         <run_address>0x0</run_address>
         <size>0x6d6</size>
         <input_file_ref idref="fl-2"/>
      </object_component>
      <object_component id="oc-8e">
         <name>.debug_info</name>
         <load_address>0x6d6</load_address>
         <run_address>0x6d6</run_address>
         <size>0x2513</size>
         <input_file_ref idref="fl-3"/>
      </object_component>
      <object_component id="oc-95">
         <name>.debug_info</name>
         <load_address>0x2be9</load_address>
         <run_address>0x2be9</run_address>
         <size>0x10d7</size>
         <input_file_ref idref="fl-4"/>
      </object_component>
      <object_component id="oc-9b">
         <name>.debug_info</name>
         <load_address>0x3cc0</load_address>
         <run_address>0x3cc0</run_address>
         <size>0x7970</size>
         <input_file_ref idref="fl-5"/>
      </object_component>
      <object_component id="oc-a2">
         <name>.debug_info</name>
         <load_address>0xb630</load_address>
         <run_address>0xb630</run_address>
         <size>0x7da</size>
         <input_file_ref idref="fl-6"/>
      </object_component>
      <object_component id="oc-a9">
         <name>.debug_info</name>
         <load_address>0xbe0a</load_address>
         <run_address>0xbe0a</run_address>
         <size>0xdcd</size>
         <input_file_ref idref="fl-7"/>
      </object_component>
      <object_component id="oc-b0">
         <name>.debug_info</name>
         <load_address>0xcbd7</load_address>
         <run_address>0xcbd7</run_address>
         <size>0xe07</size>
         <input_file_ref idref="fl-8"/>
      </object_component>
      <object_component id="oc-b7">
         <name>.debug_info</name>
         <load_address>0xd9de</load_address>
         <run_address>0xd9de</run_address>
         <size>0xdfa</size>
         <input_file_ref idref="fl-9"/>
      </object_component>
      <object_component id="oc-be">
         <name>.debug_info</name>
         <load_address>0xe7d8</load_address>
         <run_address>0xe7d8</run_address>
         <size>0xdfa</size>
         <input_file_ref idref="fl-a"/>
      </object_component>
      <object_component id="oc-c5">
         <name>.debug_info</name>
         <load_address>0xf5d2</load_address>
         <run_address>0xf5d2</run_address>
         <size>0x9807</size>
         <input_file_ref idref="fl-b"/>
      </object_component>
      <object_component id="oc-ca">
         <name>.debug_info</name>
         <load_address>0x18dd9</load_address>
         <run_address>0x18dd9</run_address>
         <size>0x1786</size>
         <input_file_ref idref="fl-c"/>
      </object_component>
      <object_component id="oc-d2">
         <name>.debug_info</name>
         <load_address>0x1a55f</load_address>
         <run_address>0x1a55f</run_address>
         <size>0xb8f</size>
         <input_file_ref idref="fl-d"/>
      </object_component>
      <object_component id="oc-d9">
         <name>.debug_info</name>
         <load_address>0x1b0ee</load_address>
         <run_address>0x1b0ee</run_address>
         <size>0x33ec</size>
         <input_file_ref idref="fl-e"/>
      </object_component>
      <object_component id="oc-df">
         <name>.debug_info</name>
         <load_address>0x1e4da</load_address>
         <run_address>0x1e4da</run_address>
         <size>0xd96</size>
         <input_file_ref idref="fl-f"/>
      </object_component>
      <object_component id="oc-e7">
         <name>.debug_info</name>
         <load_address>0x1f270</load_address>
         <run_address>0x1f270</run_address>
         <size>0x20af</size>
         <input_file_ref idref="fl-10"/>
      </object_component>
      <object_component id="oc-ee">
         <name>.debug_info</name>
         <load_address>0x2131f</load_address>
         <run_address>0x2131f</run_address>
         <size>0x1e2</size>
         <input_file_ref idref="fl-11"/>
      </object_component>
      <object_component id="oc-f1">
         <name>.debug_info</name>
         <load_address>0x21501</load_address>
         <run_address>0x21501</run_address>
         <size>0x45f</size>
         <input_file_ref idref="fl-12"/>
      </object_component>
      <object_component id="oc-f7">
         <name>.debug_info</name>
         <load_address>0x21960</load_address>
         <run_address>0x21960</run_address>
         <size>0x65a</size>
         <input_file_ref idref="fl-13"/>
      </object_component>
      <object_component id="oc-fc">
         <name>.debug_info</name>
         <load_address>0x21fba</load_address>
         <run_address>0x21fba</run_address>
         <size>0xec7</size>
         <input_file_ref idref="fl-14"/>
      </object_component>
      <object_component id="oc-103">
         <name>.debug_info</name>
         <load_address>0x22e81</load_address>
         <run_address>0x22e81</run_address>
         <size>0x2f0e</size>
         <input_file_ref idref="fl-15"/>
      </object_component>
      <object_component id="oc-10b">
         <name>.debug_info</name>
         <load_address>0x25d8f</load_address>
         <run_address>0x25d8f</run_address>
         <size>0x11e</size>
         <input_file_ref idref="fl-16"/>
      </object_component>
      <object_component id="oc-110">
         <name>.debug_info</name>
         <load_address>0x25ead</load_address>
         <run_address>0x25ead</run_address>
         <size>0x11e</size>
         <input_file_ref idref="fl-17"/>
      </object_component>
      <object_component id="oc-115">
         <name>.debug_info</name>
         <load_address>0x25fcb</load_address>
         <run_address>0x25fcb</run_address>
         <size>0x11e</size>
         <input_file_ref idref="fl-18"/>
      </object_component>
      <object_component id="oc-11a">
         <name>.debug_info</name>
         <load_address>0x260e9</load_address>
         <run_address>0x260e9</run_address>
         <size>0x10d</size>
         <input_file_ref idref="fl-19"/>
      </object_component>
      <object_component id="oc-11f">
         <name>.debug_info</name>
         <load_address>0x261f6</load_address>
         <run_address>0x261f6</run_address>
         <size>0x110</size>
         <input_file_ref idref="fl-1a"/>
      </object_component>
      <object_component id="oc-123">
         <name>.debug_info</name>
         <load_address>0x26306</load_address>
         <run_address>0x26306</run_address>
         <size>0x11d</size>
         <input_file_ref idref="fl-1b"/>
      </object_component>
      <object_component id="oc-127">
         <name>.debug_info</name>
         <load_address>0x26423</load_address>
         <run_address>0x26423</run_address>
         <size>0x1e6f</size>
         <input_file_ref idref="fl-1c"/>
      </object_component>
      <object_component id="oc-12c">
         <name>.debug_info</name>
         <load_address>0x28292</load_address>
         <run_address>0x28292</run_address>
         <size>0x767</size>
         <input_file_ref idref="fl-23"/>
      </object_component>
      <object_component id="oc-132">
         <name>.debug_info</name>
         <load_address>0x289f9</load_address>
         <run_address>0x289f9</run_address>
         <size>0x7b0</size>
         <input_file_ref idref="fl-24"/>
      </object_component>
      <object_component id="oc-138">
         <name>.debug_info</name>
         <load_address>0x291a9</load_address>
         <run_address>0x291a9</run_address>
         <size>0x18f3</size>
         <input_file_ref idref="fl-25"/>
      </object_component>
      <object_component id="oc-13e">
         <name>.debug_info</name>
         <load_address>0x2aa9c</load_address>
         <run_address>0x2aa9c</run_address>
         <size>0x112f</size>
         <input_file_ref idref="fl-26"/>
      </object_component>
      <object_component id="oc-144">
         <name>.debug_info</name>
         <load_address>0x2bbcb</load_address>
         <run_address>0x2bbcb</run_address>
         <size>0x128b</size>
         <input_file_ref idref="fl-27"/>
      </object_component>
      <object_component id="oc-14a">
         <name>.debug_info</name>
         <load_address>0x2ce56</load_address>
         <run_address>0x2ce56</run_address>
         <size>0x1884</size>
         <input_file_ref idref="fl-28"/>
      </object_component>
      <object_component id="oc-150">
         <name>.debug_info</name>
         <load_address>0x2e6da</load_address>
         <run_address>0x2e6da</run_address>
         <size>0x8a1</size>
         <input_file_ref idref="fl-29"/>
      </object_component>
      <object_component id="oc-156">
         <name>.debug_info</name>
         <load_address>0x2ef7b</load_address>
         <run_address>0x2ef7b</run_address>
         <size>0xe0d</size>
         <input_file_ref idref="fl-2a"/>
      </object_component>
      <object_component id="oc-15d">
         <name>.debug_info</name>
         <load_address>0x2fd88</load_address>
         <run_address>0x2fd88</run_address>
         <size>0x89c</size>
         <input_file_ref idref="fl-2b"/>
      </object_component>
      <object_component id="oc-163">
         <name>.debug_info</name>
         <load_address>0x30624</load_address>
         <run_address>0x30624</run_address>
         <size>0x556</size>
         <input_file_ref idref="fl-2c"/>
      </object_component>
      <object_component id="oc-169">
         <name>.debug_info</name>
         <load_address>0x30b7a</load_address>
         <run_address>0x30b7a</run_address>
         <size>0x410</size>
         <input_file_ref idref="fl-2d"/>
      </object_component>
      <object_component id="oc-16e">
         <name>.debug_info</name>
         <load_address>0x30f8a</load_address>
         <run_address>0x30f8a</run_address>
         <size>0x51d</size>
         <input_file_ref idref="fl-2e"/>
      </object_component>
      <object_component id="oc-174">
         <name>.debug_info</name>
         <load_address>0x314a7</load_address>
         <run_address>0x314a7</run_address>
         <size>0x448</size>
         <input_file_ref idref="fl-2f"/>
      </object_component>
      <object_component id="oc-17a">
         <name>.debug_info</name>
         <load_address>0x318ef</load_address>
         <run_address>0x318ef</run_address>
         <size>0x593</size>
         <input_file_ref idref="fl-30"/>
      </object_component>
      <object_component id="oc-180">
         <name>.debug_info</name>
         <load_address>0x31e82</load_address>
         <run_address>0x31e82</run_address>
         <size>0x44d</size>
         <input_file_ref idref="fl-31"/>
      </object_component>
      <object_component id="oc-186">
         <name>.debug_info</name>
         <load_address>0x322cf</load_address>
         <run_address>0x322cf</run_address>
         <size>0x4dd</size>
         <input_file_ref idref="fl-32"/>
      </object_component>
      <object_component id="oc-18c">
         <name>.debug_info</name>
         <load_address>0x327ac</load_address>
         <run_address>0x327ac</run_address>
         <size>0x428</size>
         <input_file_ref idref="fl-33"/>
      </object_component>
      <object_component id="oc-194">
         <name>.debug_info</name>
         <load_address>0x32bd4</load_address>
         <run_address>0x32bd4</run_address>
         <size>0x16b</size>
         <input_file_ref idref="fl-34"/>
      </object_component>
      <object_component id="oc-199">
         <name>.debug_info</name>
         <load_address>0x32d3f</load_address>
         <run_address>0x32d3f</run_address>
         <size>0x10c</size>
         <input_file_ref idref="fl-35"/>
      </object_component>
      <object_component id="oc-19e">
         <name>.debug_info</name>
         <load_address>0x32e4b</load_address>
         <run_address>0x32e4b</run_address>
         <size>0x139</size>
         <input_file_ref idref="fl-36"/>
      </object_component>
      <object_component id="oc-1a3">
         <name>.debug_info</name>
         <load_address>0x32f84</load_address>
         <run_address>0x32f84</run_address>
         <size>0x19d</size>
         <input_file_ref idref="fl-37"/>
      </object_component>
      <object_component id="oc-1a7">
         <name>.debug_info</name>
         <load_address>0x33121</load_address>
         <run_address>0x33121</run_address>
         <size>0x574</size>
         <input_file_ref idref="fl-38"/>
      </object_component>
      <object_component id="oc-1ac">
         <name>.debug_info</name>
         <load_address>0x33695</load_address>
         <run_address>0x33695</run_address>
         <size>0x46f</size>
         <input_file_ref idref="fl-39"/>
      </object_component>
      <object_component id="oc-1b1">
         <name>.debug_info</name>
         <load_address>0x33b04</load_address>
         <run_address>0x33b04</run_address>
         <size>0x3e2</size>
         <input_file_ref idref="fl-3a"/>
      </object_component>
      <object_component id="oc-1b6">
         <name>.debug_info</name>
         <load_address>0x33ee6</load_address>
         <run_address>0x33ee6</run_address>
         <size>0x3df</size>
         <input_file_ref idref="fl-3b"/>
      </object_component>
      <object_component id="oc-1bb">
         <name>.debug_info</name>
         <load_address>0x342c5</load_address>
         <run_address>0x342c5</run_address>
         <size>0x579</size>
         <input_file_ref idref="fl-3c"/>
      </object_component>
      <object_component id="oc-1c2">
         <name>.debug_info</name>
         <load_address>0x3483e</load_address>
         <run_address>0x3483e</run_address>
         <size>0x556</size>
         <input_file_ref idref="fl-3d"/>
      </object_component>
      <object_component id="oc-1ca">
         <name>.debug_info</name>
         <load_address>0x34d94</load_address>
         <run_address>0x34d94</run_address>
         <size>0x501</size>
         <input_file_ref idref="fl-3e"/>
      </object_component>
      <object_component id="oc-1cf">
         <name>.debug_info</name>
         <load_address>0x35295</load_address>
         <run_address>0x35295</run_address>
         <size>0x49c</size>
         <input_file_ref idref="fl-3f"/>
      </object_component>
      <object_component id="oc-1d4">
         <name>.debug_info</name>
         <load_address>0x35731</load_address>
         <run_address>0x35731</run_address>
         <size>0x1bb</size>
         <input_file_ref idref="fl-40"/>
      </object_component>
      <object_component id="oc-1d8">
         <name>.debug_info</name>
         <load_address>0x358ec</load_address>
         <run_address>0x358ec</run_address>
         <size>0x7bd</size>
         <input_file_ref idref="fl-41"/>
      </object_component>
      <object_component id="oc-1de">
         <name>.debug_info</name>
         <load_address>0x360a9</load_address>
         <run_address>0x360a9</run_address>
         <size>0x5c2</size>
         <input_file_ref idref="fl-42"/>
      </object_component>
      <object_component id="oc-1e4">
         <name>.debug_info</name>
         <load_address>0x3666b</load_address>
         <run_address>0x3666b</run_address>
         <size>0x406</size>
         <input_file_ref idref="fl-43"/>
      </object_component>
      <object_component id="oc-1e9">
         <name>.debug_info</name>
         <load_address>0x36a71</load_address>
         <run_address>0x36a71</run_address>
         <size>0x5d9</size>
         <input_file_ref idref="fl-44"/>
      </object_component>
      <object_component id="oc-1ef">
         <name>.debug_info</name>
         <load_address>0x3704a</load_address>
         <run_address>0x3704a</run_address>
         <size>0x553</size>
         <input_file_ref idref="fl-45"/>
      </object_component>
      <object_component id="oc-1f5">
         <name>.debug_info</name>
         <load_address>0x3759d</load_address>
         <run_address>0x3759d</run_address>
         <size>0x404</size>
         <input_file_ref idref="fl-46"/>
      </object_component>
      <object_component id="oc-1fa">
         <name>.debug_info</name>
         <load_address>0x379a1</load_address>
         <run_address>0x379a1</run_address>
         <size>0x416</size>
         <input_file_ref idref="fl-47"/>
      </object_component>
      <object_component id="oc-2fa">
         <name>.debug_info</name>
         <load_address>0x37db7</load_address>
         <run_address>0x37db7</run_address>
         <size>0xc4</size>
      </object_component>
      <object_component id="oc-8a">
         <name>.debug_frame</name>
         <load_address>0x0</load_address>
         <run_address>0x0</run_address>
         <size>0x30</size>
         <input_file_ref idref="fl-2"/>
      </object_component>
      <object_component id="oc-91">
         <name>.debug_frame</name>
         <load_address>0x30</load_address>
         <run_address>0x30</run_address>
         <size>0x368</size>
         <input_file_ref idref="fl-3"/>
      </object_component>
      <object_component id="oc-97">
         <name>.debug_frame</name>
         <load_address>0x398</load_address>
         <run_address>0x398</run_address>
         <size>0x1c8</size>
         <input_file_ref idref="fl-4"/>
      </object_component>
      <object_component id="oc-9e">
         <name>.debug_frame</name>
         <load_address>0x560</load_address>
         <run_address>0x560</run_address>
         <size>0xbd0</size>
         <input_file_ref idref="fl-5"/>
      </object_component>
      <object_component id="oc-a5">
         <name>.debug_frame</name>
         <load_address>0x1130</load_address>
         <run_address>0x1130</run_address>
         <size>0x64</size>
         <input_file_ref idref="fl-6"/>
      </object_component>
      <object_component id="oc-ac">
         <name>.debug_frame</name>
         <load_address>0x1194</load_address>
         <run_address>0x1194</run_address>
         <size>0x120</size>
         <input_file_ref idref="fl-7"/>
      </object_component>
      <object_component id="oc-b3">
         <name>.debug_frame</name>
         <load_address>0x12b4</load_address>
         <run_address>0x12b4</run_address>
         <size>0x120</size>
         <input_file_ref idref="fl-8"/>
      </object_component>
      <object_component id="oc-ba">
         <name>.debug_frame</name>
         <load_address>0x13d4</load_address>
         <run_address>0x13d4</run_address>
         <size>0x120</size>
         <input_file_ref idref="fl-9"/>
      </object_component>
      <object_component id="oc-c1">
         <name>.debug_frame</name>
         <load_address>0x14f4</load_address>
         <run_address>0x14f4</run_address>
         <size>0x120</size>
         <input_file_ref idref="fl-a"/>
      </object_component>
      <object_component id="oc-c6">
         <name>.debug_frame</name>
         <load_address>0x1614</load_address>
         <run_address>0x1614</run_address>
         <size>0x880</size>
         <input_file_ref idref="fl-b"/>
      </object_component>
      <object_component id="oc-ce">
         <name>.debug_frame</name>
         <load_address>0x1e94</load_address>
         <run_address>0x1e94</run_address>
         <size>0x4dc</size>
         <input_file_ref idref="fl-c"/>
      </object_component>
      <object_component id="oc-d5">
         <name>.debug_frame</name>
         <load_address>0x2370</load_address>
         <run_address>0x2370</run_address>
         <size>0xc8</size>
         <input_file_ref idref="fl-d"/>
      </object_component>
      <object_component id="oc-db">
         <name>.debug_frame</name>
         <load_address>0x2438</load_address>
         <run_address>0x2438</run_address>
         <size>0x358</size>
         <input_file_ref idref="fl-e"/>
      </object_component>
      <object_component id="oc-e3">
         <name>.debug_frame</name>
         <load_address>0x2790</load_address>
         <run_address>0x2790</run_address>
         <size>0xc8</size>
         <input_file_ref idref="fl-f"/>
      </object_component>
      <object_component id="oc-ea">
         <name>.debug_frame</name>
         <load_address>0x2858</load_address>
         <run_address>0x2858</run_address>
         <size>0x264</size>
         <input_file_ref idref="fl-10"/>
      </object_component>
      <object_component id="oc-f3">
         <name>.debug_frame</name>
         <load_address>0x2abc</load_address>
         <run_address>0x2abc</run_address>
         <size>0x30</size>
         <input_file_ref idref="fl-12"/>
      </object_component>
      <object_component id="oc-f8">
         <name>.debug_frame</name>
         <load_address>0x2aec</load_address>
         <run_address>0x2aec</run_address>
         <size>0x68</size>
         <input_file_ref idref="fl-13"/>
      </object_component>
      <object_component id="oc-ff">
         <name>.debug_frame</name>
         <load_address>0x2b54</load_address>
         <run_address>0x2b54</run_address>
         <size>0xb8</size>
         <input_file_ref idref="fl-14"/>
      </object_component>
      <object_component id="oc-106">
         <name>.debug_frame</name>
         <load_address>0x2c0c</load_address>
         <run_address>0x2c0c</run_address>
         <size>0x328</size>
         <input_file_ref idref="fl-15"/>
      </object_component>
      <object_component id="oc-128">
         <name>.debug_frame</name>
         <load_address>0x2f34</load_address>
         <run_address>0x2f34</run_address>
         <size>0x150</size>
         <input_file_ref idref="fl-1c"/>
      </object_component>
      <object_component id="oc-12e">
         <name>.debug_frame</name>
         <load_address>0x38b4</load_address>
[...]
      </symbol>
      <symbol id="sm-595">
         <name>_T35</name>
         <value>0xcc8c</value>
         <object_component_ref idref="oc-e9"/>
      </symbol>
      <symbol id="sm-59d">
         <name>_modbus_holding_regs</name>
         <value>0xc000</value>
         <object_component_ref idref="oc-ef"/>
      </symbol>
      <symbol id="sm-5a9">
         <name>_cbuf</name>
         <value>0xce78</value>
         <object_component_ref idref="oc-f2"/>
      </symbol>
      <symbol id="sm-5bc">
         <name>_bidirectional_motor</name>
         <value>0x881a9</value>
         <object_component_ref idref="oc-20d"/>
      </symbol>
      <symbol id="sm-5dc">
         <name>_motor_driving_with_safety_check</name>
         <value>0x874b9</value>
         <object_component_ref idref="oc-21a"/>
      </symbol>
      <symbol id="sm-64b">
         <name>_update_mcp266_pids</name>
         <value>0x838a3</value>
         <object_component_ref idref="oc-20a"/>
      </symbol>
      <symbol id="sm-64c">
         <name>_homing_workaround</name>
         <value>0xce02</value>
         <object_component_ref idref="oc-105"/>
      </symbol>
      <symbol id="sm-64d">
         <name>_read_current_cable_length_from_mcp266</name>
         <value>0x83882</value>
         <object_component_ref idref="oc-20a"/>
      </symbol>
      <symbol id="sm-64e">
         <name>_read_all_adc</name>
         <value>0x836a9</value>
         <object_component_ref idref="oc-20a"/>
      </symbol>
      <symbol id="sm-64f">
         <name>_check_current_coordinate</name>
         <value>0x8365e</value>
         <object_component_ref idref="oc-20a"/>
      </symbol>
      <symbol id="sm-650">
         <name>_read_DIP_switch</name>
         <value>0x83a8d</value>
         <object_component_ref idref="oc-20a"/>
      </symbol>
      <symbol id="sm-651">
         <name>_is_tether_close_to_target_length</name>
         <value>0x83a62</value>
         <object_component_ref idref="oc-20a"/>
      </symbol>
      <symbol id="sm-652">
         <name>_dip_switch</name>
         <value>0xce03</value>
         <object_component_ref idref="oc-105"/>
      </symbol>
      <symbol id="sm-653">
         <name>_underrun_error_check</name>
         <value>0x83ae3</value>
         <object_component_ref idref="oc-20a"/>
      </symbol>
      <symbol id="sm-654">
         <name>_read_load_cell</name>
         <value>0x8397e</value>
         <object_component_ref idref="oc-20a"/>
      </symbol>
      <symbol id="sm-655">
         <name>_read_mcp266_pids</name>
         <value>0x838e6</value>
         <object_component_ref idref="oc-20a"/>
      </symbol>
      <symbol id="sm-656">
         <name>_read_mcp266_pwm</name>
         <value>0x8395c</value>
         <object_component_ref idref="oc-20a"/>
      </symbol>
      <symbol id="sm-657">
         <name>_auto_mode</name>
         <value>0x8387f</value>
         <object_component_ref idref="oc-20a"/>
      </symbol>
      <symbol id="sm-658">
         <name>_task_scheduler_handler</name>
         <value>0x83b2d</value>
         <object_component_ref idref="oc-20a"/>
      </symbol>
      <symbol id="sm-659">
         <name>_delayed_zero_tether</name>
         <value>0x8359c</value>
         <object_component_ref idref="oc-20a"/>
      </symbol>
      <symbol id="sm-65a">
         <name>_zero_force_mode</name>
         <value>0x83a74</value>
         <object_component_ref idref="oc-20a"/>
      </symbol>
      <symbol id="sm-65b">
         <name>_homing_routine</name>
         <value>0x835c8</value>
         <object_component_ref idref="oc-20a"/>
      </symbol>
      <symbol id="sm-65c">
         <name>_relative_control</name>
         <value>0x836d0</value>
         <object_component_ref idref="oc-20a"/>
      </symbol>
      <symbol id="sm-65d">
         <name>_manual_control</name>
         <value>0x836f5</value>
         <object_component_ref idref="oc-20a"/>
      </symbol>
      <symbol id="sm-669">
         <name>_DCL_runDF13i</name>
         <value>0x80050</value>
         <object_component_ref idref="oc-10a"/>
      </symbol>
      <symbol id="sm-66a">
         <name>_DCL_runDF13p</name>
         <value>0x8005d</value>
         <object_component_ref idref="oc-10a"/>
      </symbol>
      <symbol id="sm-66b">
         <name>_DCL_runDF13</name>
         <value>0x80002</value>
         <object_component_ref idref="oc-10a"/>
      </symbol>
      <symbol id="sm-677">
         <name>_DCL_runDF22i</name>
         <value>0x80189</value>
         <object_component_ref idref="oc-10f"/>
      </symbol>
      <symbol id="sm-678">
         <name>_DCL_runDF22p</name>
         <value>0x80198</value>
         <object_component_ref idref="oc-10f"/>
      </symbol>
      <symbol id="sm-679">
         <name>_DCL_runDF22</name>
         <value>0x8014e</value>
         <object_component_ref idref="oc-10f"/>
      </symbol>
      <symbol id="sm-685">
         <name>_DCL_runDF23i</name>
         <value>0x800fd</value>
         <object_component_ref idref="oc-114"/>
      </symbol>
      <symbol id="sm-686">
         <name>_DCL_runDF23p</name>
         <value>0x8010c</value>
         <object_component_ref idref="oc-114"/>
      </symbol>
      <symbol id="sm-687">
         <name>_DCL_runDF23</name>
         <value>0x800b1</value>
         <object_component_ref idref="oc-114"/>
      </symbol>
      <symbol id="sm-693">
         <name>_DCL_runPI</name>
         <value>0x8022e</value>
         <object_component_ref idref="oc-119"/>
      </symbol>
      <symbol id="sm-69f">
         <name>_DCL_runPID</name>
         <value>0x801c7</value>
         <object_component_ref idref="oc-11e"/>
      </symbol>
      <symbol id="sm-6ac">
         <name>code_start</name>
         <value>0x80000</value>
         <object_component_ref idref="oc-88"/>
      </symbol>
      <symbol id="sm-6be">
         <name>_Device_initGPIO</name>
         <value>0x86cf1</value>
         <object_component_ref idref="oc-211"/>
      </symbol>
      <symbol id="sm-6bf">
         <name>___error__</name>
         <value>0x86d62</value>
         <object_component_ref idref="oc-211"/>
      </symbol>
      <symbol id="sm-6c0">
         <name>_Device_enableUnbondedGPIOPullupsFor176Pin</name>
         <value>0x86d12</value>
         <object_component_ref idref="oc-211"/>
      </symbol>
      <symbol id="sm-6c1">
         <name>_Device_enableUnbondedGPIOPullups</name>
         <value>0x86d4c</value>
         <object_component_ref idref="oc-211"/>
      </symbol>
      <symbol id="sm-6c2">
         <name>_Device_init</name>
         <value>0x86be0</value>
         <object_component_ref idref="oc-211"/>
      </symbol>
      <symbol id="sm-6c3">
         <name>_Device_enableUnbondedGPIOPullupsFor100Pin</name>
         <value>0x86d29</value>
         <object_component_ref idref="oc-211"/>
      </symbol>
      <symbol id="sm-6c4">
         <name>_Device_enableAllPeripherals</name>
         <value>0x86c02</value>
         <object_component_ref idref="oc-211"/>
      </symbol>
      <symbol id="sm-6e2">
         <name>_ADC_setMode</name>
         <value>0x87b51</value>
         <object_component_ref idref="oc-242"/>
      </symbol>
      <symbol id="sm-6f8">
         <name>_CPUTimer_setEmulationMode</name>
         <value>0x88614</value>
         <object_component_ref idref="oc-243"/>
      </symbol>
      <symbol id="sm-73c">
         <name>_Flash_initModule</name>
         <value>0x8000</value>
         <object_component_ref idref="oc-21e"/>
      </symbol>
      <symbol id="sm-766">
         <name>_GPIO_setMasterCore</name>
         <value>0x8836a</value>
         <object_component_ref idref="oc-23d"/>
      </symbol>
      <symbol id="sm-767">
         <name>_GPIO_setPinConfig</name>
         <value>0x8832d</value>
         <object_component_ref idref="oc-23c"/>
      </symbol>
      <symbol id="sm-768">
         <name>_GPIO_setDirectionMode</name>
         <value>0x883da</value>
         <object_component_ref idref="oc-22d"/>
      </symbol>
      <symbol id="sm-769">
         <name>_GPIO_setQualificationMode</name>
         <value>0x883a2</value>
         <object_component_ref idref="oc-23e"/>
      </symbol>
      <symbol id="sm-76a">
         <name>_GPIO_setPadConfig</name>
         <value>0x880aa</value>
         <object_component_ref idref="oc-22c"/>
      </symbol>
      <symbol id="sm-7ba">
         <name>_Interrupt_enable</name>
         <value>0x85fc9</value>
         <object_component_ref idref="oc-20f"/>
      </symbol>
      <symbol id="sm-7bb">
         <name>_Interrupt_initVectorTable</name>
         <value>0x884f4</value>
         <object_component_ref idref="oc-246"/>
      </symbol>
      <symbol id="sm-7bc">
         <name>_Interrupt_disable</name>
         <value>0x88149</value>
         <object_component_ref idref="oc-20e"/>
      </symbol>
      <symbol id="sm-7bd">
         <name>_Interrupt_initModule</name>
         <value>0x88056</value>
         <object_component_ref idref="oc-245"/>
      </symbol>
      <symbol id="sm-812">
         <name>_SCI_enableInterrupt</name>
         <value>0x88268</value>
         <object_component_ref idref="oc-240"/>
      </symbol>
      <symbol id="sm-813">
         <name>_SCI_clearInterruptStatus</name>
         <value>0x881dc</value>
         <object_component_ref idref="oc-201"/>
      </symbol>
      <symbol id="sm-814">
         <name>_SCI_setConfig</name>
         <value>0x882ed</value>
         <object_component_ref idref="oc-23f"/>
      </symbol>
      <symbol id="sm-815">
         <name>_SCI_disableInterrupt</name>
         <value>0x88222</value>
         <object_component_ref idref="oc-241"/>
      </symbol>
      <symbol id="sm-816">
         <name>_SCI_writeCharArray</name>
         <value>0x882ac</value>
         <object_component_ref idref="oc-221"/>
      </symbol>
      <symbol id="sm-831">
         <name>_SPI_setConfig</name>
         <value>0x87e25</value>
         <object_component_ref idref="oc-244"/>
      </symbol>
      <symbol id="sm-870">
         <name>_SysCtl_delay</name>
         <value>0x8131</value>
         <object_component_ref idref="oc-157"/>
      </symbol>
      <symbol id="sm-871">
         <name>_SysCtl_selectOscSource</name>
         <value>0x880fc</value>
         <object_component_ref idref="oc-23a"/>
      </symbol>
      <symbol id="sm-872">
         <name>_SysCtl_setClock</name>
         <value>0x86760</value>
         <object_component_ref idref="oc-21f"/>
      </symbol>
      <symbol id="sm-8c9">
         <name>_powf</name>
         <value>0x86138</value>
         <object_component_ref idref="oc-225"/>
      </symbol>
      <symbol id="sm-8ca">
         <name>_pow</name>
         <value>0x86138</value>
         <object_component_ref idref="oc-225"/>
      </symbol>
      <symbol id="sm-8e4">
         <name>_sinh</name>
         <value>0x87c70</value>
         <object_component_ref idref="oc-228"/>
      </symbol>
      <symbol id="sm-8e5">
         <name>_sinhf</name>
         <value>0x87c70</value>
         <object_component_ref idref="oc-228"/>
      </symbol>
      <symbol id="sm-8f5">
         <name>_sqrtf</name>
         <value>0x88488</value>
         <object_component_ref idref="oc-24c"/>
      </symbol>
      <symbol id="sm-8f6">
         <name>_sqrt</name>
         <value>0x88488</value>
         <object_component_ref idref="oc-24c"/>
      </symbol>
      <symbol id="sm-90d">
         <name>_asinh</name>
         <value>0x87cef</value>
         <object_component_ref idref="oc-229"/>
      </symbol>
      <symbol id="sm-90e">
         <name>_asinhf</name>
         <value>0x87cef</value>
         <object_component_ref idref="oc-229"/>
      </symbol>
      <symbol id="sm-924">
         <name>_ceilf</name>
         <value>0x88000</value>
         <object_component_ref idref="oc-227"/>
      </symbol>
      <symbol id="sm-925">
         <name>_ceil</name>
         <value>0x88000</value>
         <object_component_ref idref="oc-227"/>
      </symbol>
      <symbol id="sm-954">
         <name>_expm1f</name>
         <value>0x86edd</value>
         <object_component_ref idref="oc-254"/>
      </symbol>
      <symbol id="sm-955">
         <name>_expm1</name>
         <value>0x86edd</value>
         <object_component_ref idref="oc-254"/>
      </symbol>
      <symbol id="sm-96b">
         <name>_floorf</name>
         <value>0x87ed9</value>
         <object_component_ref idref="oc-226"/>
      </symbol>
      <symbol id="sm-96c">
         <name>_floor</name>
         <value>0x87ed9</value>
         <object_component_ref idref="oc-226"/>
      </symbol>
      <symbol id="sm-984">
         <name>_scalbn</name>
         <value>0x87f30</value>
         <object_component_ref idref="oc-250"/>
      </symbol>
      <symbol id="sm-985">
         <name>_ldexp</name>
         <value>0x87f30</value>
         <object_component_ref idref="oc-250"/>
      </symbol>
      <symbol id="sm-986">
         <name>_scalbnf</name>
         <value>0x87f30</value>
         <object_component_ref idref="oc-250"/>
      </symbol>
      <symbol id="sm-987">
         <name>_ldexpf</name>
         <value>0x87f30</value>
         <object_component_ref idref="oc-250"/>
      </symbol>
      <symbol id="sm-996">
         <name>_tanf</name>
         <value>0x87dc4</value>
         <object_component_ref idref="oc-22a"/>
      </symbol>
      <symbol id="sm-997">
         <name>_tan</name>
         <value>0x87dc4</value>
         <object_component_ref idref="oc-22a"/>
      </symbol>
      <symbol id="sm-9b2">
         <name>_c_int00</name>
         <value>0x87f87</value>
         <object_component_ref idref="oc-191"/>
      </symbol>
      <symbol id="sm-9b3">
         <name>__stack</name>
         <value>0x400</value>
         <object_component_ref idref="oc-192"/>
      </symbol>
      <symbol id="sm-9c4">
         <name>FS$$DIV</name>
         <value>0x83f72</value>
         <object_component_ref idref="oc-198"/>
      </symbol>
      <symbol id="sm-9d2">
         <name>I$$MOD</name>
         <value>0x884e3</value>
         <object_component_ref idref="oc-19d"/>
      </symbol>
      <symbol id="sm-9d3">
         <name>I$$DIV</name>
         <value>0x884d2</value>
         <object_component_ref idref="oc-19d"/>
      </symbol>
      <symbol id="sm-9df">
         <name>UL$$MOD</name>
         <value>0x8842f</value>
         <object_component_ref idref="oc-1a2"/>
      </symbol>
      <symbol id="sm-9e0">
         <name>L$$MOD</name>
         <value>0x8841a</value>
         <object_component_ref idref="oc-1a2"/>
      </symbol>
      <symbol id="sm-9e1">
         <name>L$$DIV</name>
         <value>0x8840b</value>
         <object_component_ref idref="oc-1a2"/>
      </symbol>
      <symbol id="sm-9e2">
         <name>UL$$DIV</name>
         <value>0x88428</value>
         <object_component_ref idref="oc-1a2"/>
      </symbol>
      <symbol id="sm-9f1">
         <name>_copy_in</name>
         <value>0x884ae</value>
         <object_component_ref idref="oc-206"/>
      </symbol>
      <symbol id="sm-a02">
         <name>_memcpy</name>
         <value>0x88533</value>
         <object_component_ref idref="oc-213"/>
      </symbol>
      <symbol id="sm-a0e">
         <name>__system_pre_init</name>
         <value>0x83ffe</value>
         <object_component_ref idref="oc-205"/>
      </symbol>
      <symbol id="sm-a1b">
         <name>__system_post_cinit</name>
         <value>0x85ffc</value>
         <object_component_ref idref="oc-207"/>
      </symbol>
      <symbol id="sm-a2f">
         <name>C$$EXIT</name>
         <value>0x8845e</value>
         <object_component_ref idref="oc-209"/>
      </symbol>
      <symbol id="sm-a30">
         <name>_exit</name>
         <value>0x88460</value>
         <object_component_ref idref="oc-209"/>
      </symbol>
      <symbol id="sm-a31">
         <name>___TI_cleanup_ptr</name>
         <value>0xaffc</value>
         <object_component_ref idref="oc-1bd"/>
      </symbol>
      <symbol id="sm-a32">
         <name>___TI_enable_exit_profile_output</name>
         <value>0xaffa</value>
         <object_component_ref idref="oc-1bd"/>
      </symbol>
      <symbol id="sm-a33">
         <name>_abort</name>
         <value>0x8845e</value>
         <object_component_ref idref="oc-209"/>
      </symbol>
      <symbol id="sm-a34">
         <name>___TI_dtors_ptr</name>
         <value>0xaffe</value>
         <object_component_ref idref="oc-1bd"/>
      </symbol>
      <symbol id="sm-a48">
         <name>__sys_memory</name>
         <value>0xa800</value>
         <object_component_ref idref="oc-1c5"/>
      </symbol>
      <symbol id="sm-a5c">
         <name>__unlock</name>
         <value>0xce98</value>
         <object_component_ref idref="oc-24b"/>
      </symbol>
      <symbol id="sm-a5d">
         <name>__lock</name>
         <value>0xce96</value>
         <object_component_ref idref="oc-215"/>
      </symbol>
      <symbol id="sm-a5e">
         <name>__register_lock</name>
         <value>0x886a6</value>
         <object_component_ref idref="oc-223"/>
      </symbol>
      <symbol id="sm-a5f">
         <name>__nop</name>
         <value>0x886aa</value>
         <object_component_ref idref="oc-223"/>
      </symbol>
      <symbol id="sm-a60">
         <name>__register_unlock</name>
         <value>0x886a2</value>
         <object_component_ref idref="oc-223"/>
      </symbol>
      <symbol id="sm-a6f">
         <name>__args_main</name>
         <value>0x885d2</value>
         <object_component_ref idref="oc-208"/>
      </symbol>
      <symbol id="sm-a79">
         <name>_errno</name>
         <value>0xae3f</value>
         <object_component_ref idref="oc-1d6"/>
      </symbol>
      <symbol id="sm-a8a">
         <name>___ldexp_expf</name>
         <value>0x87ab2</value>
         <object_component_ref idref="oc-252"/>
      </symbol>
      <symbol id="sm-a8b">
         <name>___ldexp_cexpf</name>
         <value>0x87acb</value>
         <object_component_ref idref="oc-252"/>
      </symbol>
      <symbol id="sm-ab9">
         <name>_log1p</name>
         <value>0x86d69</value>
         <object_component_ref idref="oc-255"/>
      </symbol>
      <symbol id="sm-aba">
         <name>_log1pf</name>
         <value>0x86d69</value>
         <object_component_ref idref="oc-255"/>
      </symbol>
      <symbol id="sm-ac6">
         <name>_copysignf</name>
         <value>0x88627</value>
         <object_component_ref idref="oc-253"/>
      </symbol>
      <symbol id="sm-ac7">
         <name>_copysign</name>
         <value>0x88627</value>
         <object_component_ref idref="oc-253"/>
      </symbol>
      <symbol id="sm-af5">
         <name>_exp</name>
         <value>0x8728c</value>
         <object_component_ref idref="oc-251"/>
      </symbol>
      <symbol id="sm-af6">
         <name>_expf</name>
         <value>0x8728c</value>
         <object_component_ref idref="oc-251"/>
      </symbol>
      <symbol id="sm-b1c">
         <name>_logf</name>
         <value>0x87042</value>
         <object_component_ref idref="oc-256"/>
      </symbol>
      <symbol id="sm-b1d">
         <name>_log</name>
         <value>0x87042</value>
         <object_component_ref idref="oc-256"/>
      </symbol>
      <symbol id="sm-b2b">
         <name>_cos</name>
         <value>0x87d63</value>
         <object_component_ref idref="oc-262"/>
      </symbol>
      <symbol id="sm-b2c">
         <name>_cosf</name>
         <value>0x87d63</value>
         <object_component_ref idref="oc-262"/>
      </symbol>
      <symbol id="sm-b39">
         <name>_sin</name>
         <value>0x87e81</value>
         <object_component_ref idref="oc-263"/>
      </symbol>
      <symbol id="sm-b3a">
         <name>_sinf</name>
         <value>0x87e81</value>
         <object_component_ref idref="oc-263"/>
      </symbol>
   </symbol_table>
   <title>Link successful</title>
</link_info>
